Archive member included to satisfy reference by file (symbol)

d:/zainstalowane/atollic/truestudio for stm32 9.3.0/armtools/bin/../lib/gcc/arm-atollic-eabi/6.3.1/../../../../arm-atollic-eabi/lib/armv7e-m/fpu/fpv5-sp-d16\libc_nano.a(lib_a-init.o)
                              startup\startup_stm32f746xx.o (__libc_init_array)
d:/zainstalowane/atollic/truestudio for stm32 9.3.0/armtools/bin/../lib/gcc/arm-atollic-eabi/6.3.1/armv7e-m/fpu/fpv5-sp-d16\libgcc.a(_arm_addsubdf3.o)
                              Src\main.o (__aeabi_f2d)
d:/zainstalowane/atollic/truestudio for stm32 9.3.0/armtools/bin/../lib/gcc/arm-atollic-eabi/6.3.1/armv7e-m/fpu/fpv5-sp-d16\libgcc.a(_arm_muldivdf3.o)
                              Src\main.o (__aeabi_dmul)
d:/zainstalowane/atollic/truestudio for stm32 9.3.0/armtools/bin/../lib/gcc/arm-atollic-eabi/6.3.1/armv7e-m/fpu/fpv5-sp-d16\libgcc.a(_arm_fixdfsi.o)
                              Src\main.o (__aeabi_d2iz)
d:/zainstalowane/atollic/truestudio for stm32 9.3.0/armtools/bin/../lib/gcc/arm-atollic-eabi/6.3.1/armv7e-m/fpu/fpv5-sp-d16\libgcc.a(_aeabi_uldivmod.o)
                              Drivers\STM32F7xx_HAL_Driver\Src\stm32f7xx_hal_rcc.o (__aeabi_uldivmod)
d:/zainstalowane/atollic/truestudio for stm32 9.3.0/armtools/bin/../lib/gcc/arm-atollic-eabi/6.3.1/armv7e-m/fpu/fpv5-sp-d16\libgcc.a(_udivmoddi4.o)
                              d:/zainstalowane/atollic/truestudio for stm32 9.3.0/armtools/bin/../lib/gcc/arm-atollic-eabi/6.3.1/armv7e-m/fpu/fpv5-sp-d16\libgcc.a(_aeabi_uldivmod.o) (__udivmoddi4)
d:/zainstalowane/atollic/truestudio for stm32 9.3.0/armtools/bin/../lib/gcc/arm-atollic-eabi/6.3.1/armv7e-m/fpu/fpv5-sp-d16\libgcc.a(_dvmd_tls.o)
                              d:/zainstalowane/atollic/truestudio for stm32 9.3.0/armtools/bin/../lib/gcc/arm-atollic-eabi/6.3.1/armv7e-m/fpu/fpv5-sp-d16\libgcc.a(_aeabi_uldivmod.o) (__aeabi_ldiv0)

Allocating common symbols
Common symbol       size              file

sdramHandle         0x34              Drivers\BSP\STM32746G-Discovery\stm32746g_discovery_sdram.o
x                   0x8               Src\main.o
back2               0x1               Src\main.o
hcrc                0x24              Src\main.o
sum                 0x2               Src\main.o
Rh_byte1            0x1               Src\main.o
hLtdcHandler        0xa8              Drivers\BSP\STM32746G-Discovery\stm32746g_discovery_lcd.o
last_y              0x8               Src\main.o
uwTick              0x4               Drivers\STM32F7xx_HAL_Driver\Src\stm32f7xx_hal.o
pFlash              0x1c              Drivers\STM32F7xx_HAL_Driver\Src\stm32f7xx_hal_flash.o
htim3               0x40              Src\main.o
hltdc               0xa8              Src\main.o
huart1              0x70              Src\main.o
Temp_byte1          0x1               Src\main.o
Rh_byte2            0x1               Src\main.o
GPIO_InitStruct     0x14              Src\main.o
htim6               0x40              Src\stm32f7xx_hal_timebase_TIM.o
htim1               0x40              Src\main.o
y                   0x8               Src\main.o
hdma2d              0x40              Src\main.o
TS_State            0x2c              Src\main.o
htim2               0x40              Src\main.o
hsdram1             0x34              Src\main.o
back1               0x1               Src\main.o
Temp_byte2          0x1               Src\main.o

Discarded input sections

 .text          0x00000000        0x0 d:/zainstalowane/atollic/truestudio for stm32 9.3.0/armtools/bin/../lib/gcc/arm-atollic-eabi/6.3.1/armv7e-m/fpu/fpv5-sp-d16/crti.o
 .data          0x00000000        0x0 d:/zainstalowane/atollic/truestudio for stm32 9.3.0/armtools/bin/../lib/gcc/arm-atollic-eabi/6.3.1/armv7e-m/fpu/fpv5-sp-d16/crti.o
 .bss           0x00000000        0x0 d:/zainstalowane/atollic/truestudio for stm32 9.3.0/armtools/bin/../lib/gcc/arm-atollic-eabi/6.3.1/armv7e-m/fpu/fpv5-sp-d16/crti.o
 .data          0x00000000        0x4 d:/zainstalowane/atollic/truestudio for stm32 9.3.0/armtools/bin/../lib/gcc/arm-atollic-eabi/6.3.1/armv7e-m/fpu/fpv5-sp-d16/crtbegin.o
 .text          0x00000000        0x0 Drivers\BSP\Components\ft5336\ft5336.o
 .data          0x00000000        0x0 Drivers\BSP\Components\ft5336\ft5336.o
 .bss           0x00000000        0x0 Drivers\BSP\Components\ft5336\ft5336.o
 .text          0x00000000        0x0 Drivers\BSP\STM32746G-Discovery\stm32746g_discovery.o
 .data          0x00000000        0x0 Drivers\BSP\STM32746G-Discovery\stm32746g_discovery.o
 .bss           0x00000000        0x0 Drivers\BSP\STM32746G-Discovery\stm32746g_discovery.o
 .rodata.GPIO_PIN
                0x00000000        0x4 Drivers\BSP\STM32746G-Discovery\stm32746g_discovery.o
 .data.BUTTON_PORT
                0x00000000        0xc Drivers\BSP\STM32746G-Discovery\stm32746g_discovery.o
 .rodata.BUTTON_PIN
                0x00000000        0x6 Drivers\BSP\STM32746G-Discovery\stm32746g_discovery.o
[...]
Memory Configuration

Name             Origin             Length             Attributes
RAM              0x20000000         0x00050000         xrw
FLASH            0x08000000         0x00100000         xr
*default*        0x00000000         0xffffffff

Linker script and memory map

LOAD d:/zainstalowane/atollic/truestudio for stm32 9.3.0/armtools/bin/../lib/gcc/arm-atollic-eabi/6.3.1/armv7e-m/fpu/fpv5-sp-d16/crti.o
LOAD d:/zainstalowane/atollic/truestudio for stm32 9.3.0/armtools/bin/../lib/gcc/arm-atollic-eabi/6.3.1/armv7e-m/fpu/fpv5-sp-d16/crtbegin.o
LOAD Drivers\BSP\Components\ft5336\ft5336.o
LOAD Drivers\BSP\STM32746G-Discovery\stm32746g_discovery.o
LOAD Drivers\BSP\STM32746G-Discovery\stm32746g_discovery_lcd.o
LOAD Drivers\BSP\STM32746G-Discovery\stm32746g_discovery_sdram.o
LOAD Drivers\BSP\STM32746G-Discovery\stm32746g_discovery_ts.o
LOAD Drivers\STM32F7xx_HAL_Driver\Src\stm32f7xx_hal.o
LOAD Drivers\STM32F7xx_HAL_Driver\Src\stm32f7xx_hal_cortex.o
LOAD Drivers\STM32F7xx_HAL_Driver\Src\stm32f7xx_hal_crc.o
LOAD Drivers\STM32F7xx_HAL_Driver\Src\stm32f7xx_hal_crc_ex.o
LOAD Drivers\STM32F7xx_HAL_Driver\Src\stm32f7xx_hal_dma.o
LOAD Drivers\STM32F7xx_HAL_Driver\Src\stm32f7xx_hal_dma2d.o
LOAD Drivers\STM32F7xx_HAL_Driver\Src\stm32f7xx_hal_dma_ex.o
LOAD Drivers\STM32F7xx_HAL_Driver\Src\stm32f7xx_hal_dsi.o
LOAD Drivers\STM32F7xx_HAL_Driver\Src\stm32f7xx_hal_flash.o
LOAD Drivers\STM32F7xx_HAL_Driver\Src\stm32f7xx_hal_flash_ex.o
LOAD Drivers\STM32F7xx_HAL_Driver\Src\stm32f7xx_hal_gpio.o
LOAD Drivers\STM32F7xx_HAL_Driver\Src\stm32f7xx_hal_i2c.o
LOAD Drivers\STM32F7xx_HAL_Driver\Src\stm32f7xx_hal_i2c_ex.o
LOAD Drivers\STM32F7xx_HAL_Driver\Src\stm32f7xx_hal_ltdc.o
LOAD Drivers\STM32F7xx_HAL_Driver\Src\stm32f7xx_hal_ltdc_ex.o
LOAD Drivers\STM32F7xx_HAL_Driver\Src\stm32f7xx_hal_pwr.o
LOAD Drivers\STM32F7xx_HAL_Driver\Src\stm32f7xx_hal_pwr_ex.o
LOAD Drivers\STM32F7xx_HAL_Driver\Src\stm32f7xx_hal_rcc.o
LOAD Drivers\STM32F7xx_HAL_Driver\Src\stm32f7xx_hal_rcc_ex.o
LOAD Drivers\STM32F7xx_HAL_Driver\Src\stm32f7xx_hal_sdram.o
LOAD Drivers\STM32F7xx_HAL_Driver\Src\stm32f7xx_hal_tim.o
LOAD Drivers\STM32F7xx_HAL_Driver\Src\stm32f7xx_hal_tim_ex.o
LOAD Drivers\STM32F7xx_HAL_Driver\Src\stm32f7xx_hal_uart.o
LOAD Drivers\STM32F7xx_HAL_Driver\Src\stm32f7xx_ll_fmc.o
LOAD Src\main.o
LOAD Src\stm32f7xx_hal_msp.o
LOAD Src\stm32f7xx_hal_timebase_TIM.o
LOAD Src\stm32f7xx_it.o
LOAD Src\system_stm32f7xx.o
LOAD startup\startup_stm32f746xx.o
                0x00000080                malloc_getpagesize_P = 0x80
START GROUP
LOAD d:/zainstalowane/atollic/truestudio for stm32 9.3.0/armtools/bin/../lib/gcc/arm-atollic-eabi/6.3.1/../../../../arm-atollic-eabi/lib/armv7e-m/fpu/fpv5-sp-d16\libc_nano.a
LOAD d:/zainstalowane/atollic/truestudio for stm32 9.3.0/armtools/bin/../lib/gcc/arm-atollic-eabi/6.3.1/../../../../arm-atollic-eabi/lib/armv7e-m/fpu/fpv5-sp-d16\libm.a
END GROUP
START GROUP
LOAD d:/zainstalowane/atollic/truestudio for stm32 9.3.0/armtools/bin/../lib/gcc/arm-atollic-eabi/6.3.1/armv7e-m/fpu/fpv5-sp-d16\libgcc.a
LOAD d:/zainstalowane/atollic/truestudio for stm32 9.3.0/armtools/bin/../lib/gcc/arm-atollic-eabi/6.3.1/../../../../arm-atollic-eabi/lib/armv7e-m/fpu/fpv5-sp-d16\libc_nano.a
END GROUP
START GROUP
LOAD d:/zainstalowane/atollic/truestudio for stm32 9.3.0/armtools/bin/../lib/gcc/arm-atollic-eabi/6.3.1/armv7e-m/fpu/fpv5-sp-d16\libgcc.a
LOAD d:/zainstalowane/atollic/truestudio for stm32 9.3.0/armtools/bin/../lib/gcc/arm-atollic-eabi/6.3.1/../../../../arm-atollic-eabi/lib/armv7e-m/fpu/fpv5-sp-d16\libc_nano.a
LOAD d:/zainstalowane/atollic/truestudio for stm32 9.3.0/armtools/bin/../lib/gcc/arm-atollic-eabi/6.3.1/../../../../arm-atollic-eabi/lib/armv7e-m/fpu/fpv5-sp-d16\libnosys.a
END GROUP
START GROUP
LOAD d:/zainstalowane/atollic/truestudio for stm32 9.3.0/armtools/bin/../lib/gcc/arm-atollic-eabi/6.3.1/armv7e-m/fpu/fpv5-sp-d16\libgcc.a
LOAD d:/zainstalowane/atollic/truestudio for stm32 9.3.0/armtools/bin/../lib/gcc/arm-atollic-eabi/6.3.1/../../../../arm-atollic-eabi/lib/armv7e-m/fpu/fpv5-sp-d16\libc_nano.a
LOAD d:/zainstalowane/atollic/truestudio for stm32 9.3.0/armtools/bin/../lib/gcc/arm-atollic-eabi/6.3.1/../../../../arm-atollic-eabi/lib/armv7e-m/fpu/fpv5-sp-d16\libnosys.a
END GROUP
LOAD d:/zainstalowane/atollic/truestudio for stm32 9.3.0/armtools/bin/../lib/gcc/arm-atollic-eabi/6.3.1/armv7e-m/fpu/fpv5-sp-d16/crtend.o
LOAD d:/zainstalowane/atollic/truestudio for stm32 9.3.0/armtools/bin/../lib/gcc/arm-atollic-eabi/6.3.1/armv7e-m/fpu/fpv5-sp-d16/crtn.o
                0x20050000                _estack = 0x20050000
                0x00000400                _Min_Heap_Size = 0x400
                0x00000800                _Min_Stack_Size = 0x800

.isr_vector     0x08000000      0x1c8
                0x08000000                . = ALIGN (0x4)
 *(.isr_vector)
 .isr_vector    0x08000000      0x1c8 startup\startup_stm32f746xx.o
                0x08000000                g_pfnVectors
                0x080001c8                . = ALIGN (0x4)

.text           0x080001c8     0x9ee4
                0x080001c8                . = ALIGN (0x4)
 *(.text)
 .text          0x080001c8       0x40 d:/zainstalowane/atollic/truestudio for stm32 9.3.0/armtools/bin/../lib/gcc/arm-atollic-eabi/6.3.1/armv7e-m/fpu/fpv5-sp-d16/crtbegin.o
 .text          0x08000208      0x370 d:/zainstalowane/atollic/truestudio for stm32 9.3.0/armtools/bin/../lib/gcc/arm-atollic-eabi/6.3.1/armv7e-m/fpu/fpv5-sp-d16\libgcc.a(_arm_addsubdf3.o)
                0x08000208                __aeabi_drsub
                0x08000210                __aeabi_dsub
                0x08000210                __subdf3
                0x08000214                __aeabi_dadd
                0x08000214                __adddf3
                0x0800048c                __floatunsidf
                0x0800048c                __aeabi_ui2d
                0x080004ac                __floatsidf
                0x080004ac                __aeabi_i2d
                0x080004d0                __aeabi_f2d
                0x080004d0                __extendsfdf2
                0x0800050c                __floatundidf
                0x0800050c                __aeabi_ul2d
                0x0800051c                __floatdidf
                0x0800051c                __aeabi_l2d
 .text          0x08000578      0x424 d:/zainstalowane/atollic/truestudio for stm32 9.3.0/armtools/bin/../lib/gcc/arm-atollic-eabi/6.3.1/armv7e-m/fpu/fpv5-sp-d16\libgcc.a(_arm_muldivdf3.o)
                0x08000578                __aeabi_dmul
                0x08000578                __muldf3
                0x080007cc                __divdf3
                0x080007cc                __aeabi_ddiv
 .text          0x0800099c       0x50 d:/zainstalowane/atollic/truestudio for stm32 9.3.0/armtools/bin/../lib/gcc/arm-atollic-eabi/6.3.1/armv7e-m/fpu/fpv5-sp-d16\libgcc.a(_arm_fixdfsi.o)
                0x0800099c                __aeabi_d2iz
                0x0800099c                __fixdfsi
 .text          0x080009ec       0x30 d:/zainstalowane/atollic/truestudio for stm32 9.3.0/armtools/bin/../lib/gcc/arm-atollic-eabi/6.3.1/armv7e-m/fpu/fpv5-sp-d16\libgcc.a(_aeabi_uldivmod.o)
                0x080009ec                __aeabi_uldivmod
 .text          0x08000a1c      0x2dc d:/zainstalowane/atollic/truestudio for stm32 9.3.0/armtools/bin/../lib/gcc/arm-atollic-eabi/6.3.1/armv7e-m/fpu/fpv5-sp-d16\libgcc.a(_udivmoddi4.o)
                0x08000a1c                __udivmoddi4
 .text          0x08000cf8        0x4 d:/zainstalowane/atollic/truestudio for stm32 9.3.0/armtools/bin/../lib/gcc/arm-atollic-eabi/6.3.1/armv7e-m/fpu/fpv5-sp-d16\libgcc.a(_dvmd_tls.o)
                0x08000cf8                __aeabi_idiv0
                0x08000cf8                __aeabi_ldiv0
 *(.text*)
 .text.ft5336_Init
                0x08000cfc       0x1c Drivers\BSP\Components\ft5336\ft5336.o
                0x08000cfc                ft5336_Init
 .text.ft5336_Reset
                0x08000d18       0x16 Drivers\BSP\Components\ft5336\ft5336.o
                0x08000d18                ft5336_Reset
 .text.ft5336_ReadID
                0x08000d2e       0x5c Drivers\BSP\Components\ft5336\ft5336.o
                0x08000d2e                ft5336_ReadID
 .text.ft5336_TS_Start
                0x08000d8a       0x22 Drivers\BSP\Components\ft5336\ft5336.o
                0x08000d8a                ft5336_TS_Start
 .text.ft5336_TS_DetectTouch
                0x08000dac       0x54 Drivers\BSP\Components\ft5336\ft5336.o
                0x08000dac                ft5336_TS_DetectTouch
 .text.ft5336_TS_GetXY
                0x08000e00      0x1e0 Drivers\BSP\Components\ft5336\ft5336.o
                0x08000e00                ft5336_TS_GetXY
 .text.ft5336_TS_EnableIT
                0x08000fe0       0x28 Drivers\BSP\Components\ft5336\ft5336.o
                0x08000fe0                ft5336_TS_EnableIT
 .text.ft5336_TS_DisableIT
                0x08001008       0x28 Drivers\BSP\Components\ft5336\ft5336.o
                0x08001008                ft5336_TS_DisableIT
 .text.ft5336_TS_ITStatus
                0x08001030       0x18 Drivers\BSP\Components\ft5336\ft5336.o
                0x08001030                ft5336_TS_ITStatus
 .text.ft5336_TS_ClearIT
                0x08001048       0x16 Drivers\BSP\Components\ft5336\ft5336.o
                0x08001048                ft5336_TS_ClearIT
 .text.ft5336_TS_GetGestureID
                0x0800105e       0x32 Drivers\BSP\Components\ft5336\ft5336.o
                0x0800105e                ft5336_TS_GetGestureID
 .text.ft5336_TS_GetTouchInfo
                0x08001090      0x15c Drivers\BSP\Components\ft5336\ft5336.o
                0x08001090                ft5336_TS_GetTouchInfo
 .text.ft5336_Get_I2C_InitializedStatus
                0x080011ec       0x18 Drivers\BSP\Components\ft5336\ft5336.o
 .text.ft5336_I2C_InitializeIfRequired
                0x08001204       0x20 Drivers\BSP\Components\ft5336\ft5336.o
 .text.ft5336_TS_Configure
                0x08001224       0x1c Drivers\BSP\Components\ft5336\ft5336.o
 .text.I2Cx_MspInit
                0x08001240      0x160 Drivers\BSP\STM32746G-Discovery\stm32746g_discovery.o
 .text.I2Cx_Init
                0x080013a0       0x78 Drivers\BSP\STM32746G-Discovery\stm32746g_discovery.o
 .text.I2Cx_ReadMultiple
                0x08001418       0x5a Drivers\BSP\STM32746G-Discovery\stm32746g_discovery.o
 .text.I2Cx_WriteMultiple
                0x08001472       0x5a Drivers\BSP\STM32746G-Discovery\stm32746g_discovery.o
 .text.I2Cx_Error
                0x080014cc       0x20 Drivers\BSP\STM32746G-Discovery\stm32746g_discovery.o
 .text.TS_IO_Init
                0x080014ec       0x14 Drivers\BSP\STM32746G-Discovery\stm32746g_discovery.o
                0x080014ec                TS_IO_Init
 .text.TS_IO_Write
                0x08001500       0x34 Drivers\BSP\STM32746G-Discovery\stm32746g_discovery.o
                0x08001500                TS_IO_Write
 .text.TS_IO_Read
                0x08001534       0x3c Drivers\BSP\STM32746G-Discovery\stm32746g_discovery.o
                0x08001534                TS_IO_Read
 .text.TS_IO_Delay
                0x08001570       0x16 Drivers\BSP\STM32746G-Discovery\stm32746g_discovery.o
                0x08001570                TS_IO_Delay
 *fill*         0x08001586        0x2 
 .text.BSP_LCD_Init
                0x08001588       0xe0 Drivers\BSP\STM32746G-Discovery\stm32746g_discovery_lcd.o
                0x08001588                BSP_LCD_Init
 .text.BSP_LCD_GetXSize
                0x08001668       0x28 Drivers\BSP\STM32746G-Discovery\stm32746g_discovery_lcd.o
                0x08001668                BSP_LCD_GetXSize
 .text.BSP_LCD_GetYSize
                0x08001690       0x28 Drivers\BSP\STM32746G-Discovery\stm32746g_discovery_lcd.o
                0x08001690                BSP_LCD_GetYSize
 .text.BSP_LCD_LayerDefaultInit
                0x080016b8       0xc0 Drivers\BSP\STM32746G-Discovery\stm32746g_discovery_lcd.o
                0x080016b8                BSP_LCD_LayerDefaultInit
 .text.BSP_LCD_SelectLayer
                0x08001778       0x20 Drivers\BSP\STM32746G-Discovery\stm32746g_discovery_lcd.o
                0x08001778                BSP_LCD_SelectLayer
 .text.BSP_LCD_SetTextColor
                0x08001798       0x30 Drivers\BSP\STM32746G-Discovery\stm32746g_discovery_lcd.o
                0x08001798                BSP_LCD_SetTextColor
 .text.BSP_LCD_SetBackColor
                0x080017c8       0x34 Drivers\BSP\STM32746G-Discovery\stm32746g_discovery_lcd.o
                0x080017c8                BSP_LCD_SetBackColor
 .text.BSP_LCD_SetFont
                0x080017fc       0x34 Drivers\BSP\STM32746G-Discovery\stm32746g_discovery_lcd.o
                0x080017fc                BSP_LCD_SetFont
 .text.BSP_LCD_GetFont
                0x08001830       0x2c Drivers\BSP\STM32746G-Discovery\stm32746g_discovery_lcd.o
                0x08001830                BSP_LCD_GetFont
 .text.BSP_LCD_Clear
                0x0800185c       0x50 Drivers\BSP\STM32746G-Discovery\stm32746g_discovery_lcd.o
                0x0800185c                BSP_LCD_Clear
 .text.BSP_LCD_DisplayChar
                0x080018ac       0x88 Drivers\BSP\STM32746G-Discovery\stm32746g_discovery_lcd.o
                0x080018ac                BSP_LCD_DisplayChar
 .text.BSP_LCD_DisplayStringAt
                0x08001934      0x188 Drivers\BSP\STM32746G-Discovery\stm32746g_discovery_lcd.o
                0x08001934                BSP_LCD_DisplayStringAt
 .text.BSP_LCD_DrawHLine
                0x08001abc       0xbc Drivers\BSP\STM32746G-Discovery\stm32746g_discovery_lcd.o
                0x08001abc                BSP_LCD_DrawHLine
 .text.BSP_LCD_DrawVLine
                0x08001b78       0xc4 Drivers\BSP\STM32746G-Discovery\stm32746g_discovery_lcd.o
                0x08001b78                BSP_LCD_DrawVLine
 .text.BSP_LCD_DrawRect
                0x08001c3c       0x62 Drivers\BSP\STM32746G-Discovery\stm32746g_discovery_lcd.o
                0x08001c3c                BSP_LCD_DrawRect
 *fill*         0x08001c9e        0x2 
 .text.BSP_LCD_DrawCircle
                0x08001ca0      0x1e0 Drivers\BSP\STM32746G-Discovery\stm32746g_discovery_lcd.o
                0x08001ca0                BSP_LCD_DrawCircle
 .text.BSP_LCD_DrawPixel
                0x08001e80       0x90 Drivers\BSP\STM32746G-Discovery\stm32746g_discovery_lcd.o
                0x08001e80                BSP_LCD_DrawPixel
 .text.BSP_LCD_DrawBitmap
                0x08001f10      0x160 Drivers\BSP\STM32746G-Discovery\stm32746g_discovery_lcd.o
                0x08001f10                BSP_LCD_DrawBitmap
 .text.BSP_LCD_FillRect
                0x08002070       0xf4 Drivers\BSP\STM32746G-Discovery\stm32746g_discovery_lcd.o
                0x08002070                BSP_LCD_FillRect
 .text.BSP_LCD_FillCircle
                0x08002164      0x140 Drivers\BSP\STM32746G-Discovery\stm32746g_discovery_lcd.o
                0x08002164                BSP_LCD_FillCircle
 .text.BSP_LCD_DisplayOn
                0x080022a4       0x3c Drivers\BSP\STM32746G-Discovery\stm32746g_discovery_lcd.o
                0x080022a4                BSP_LCD_DisplayOn
 .text.BSP_LCD_MspInit
                0x080022e0      0x1b4 Drivers\BSP\STM32746G-Discovery\stm32746g_discovery_lcd.o
                0x080022e0                BSP_LCD_MspInit
 .text.BSP_LCD_ClockConfig
                0x08002494       0x38 Drivers\BSP\STM32746G-Discovery\stm32746g_discovery_lcd.o
                0x08002494                BSP_LCD_ClockConfig
 .text.DrawChar
                0x080024cc      0x170 Drivers\BSP\STM32746G-Discovery\stm32746g_discovery_lcd.o
 .text.LL_FillBuffer
                0x0800263c       0x98 Drivers\BSP\STM32746G-Discovery\stm32746g_discovery_lcd.o
 .text.LL_ConvertLineToARGB8888
                0x080026d4       0x88 Drivers\BSP\STM32746G-Discovery\stm32746g_discovery_lcd.o
 .text.BSP_SDRAM_Init
                0x0800275c       0xbc Drivers\BSP\STM32746G-Discovery\stm32746g_discovery_sdram.o
                0x0800275c                BSP_SDRAM_Init
 .text.BSP_SDRAM_Initialization_sequence
                0x08002818       0xc0 Drivers\BSP\STM32746G-Discovery\stm32746g_discovery_sdram.o
                0x08002818                BSP_SDRAM_Initialization_sequence
 .text.BSP_SDRAM_MspInit
                0x080028d8      0x1f0 Drivers\BSP\STM32746G-Discovery\stm32746g_discovery_sdram.o
                0x080028d8                BSP_SDRAM_MspInit
 .text.BSP_TS_Init
                0x08002ac8       0x80 Drivers\BSP\STM32746G-Discovery\stm32746g_discovery_ts.o
                0x08002ac8                BSP_TS_Init
 .text.BSP_TS_GetState
                0x08002b48      0x3ac Drivers\BSP\STM32746G-Discovery\stm32746g_discovery_ts.o
                0x08002b48                BSP_TS_GetState
 .text.BSP_TS_Get_GestureId
                0x08002ef4       0x94 Drivers\BSP\STM32746G-Discovery\stm32746g_discovery_ts.o
                0x08002ef4                BSP_TS_Get_GestureId
 .text.HAL_Init
                0x08002f88       0x2c Drivers\STM32F7xx_HAL_Driver\Src\stm32f7xx_hal.o
                0x08002f88                HAL_Init
 .text.HAL_IncTick
                0x08002fb4       0x28 Drivers\STM32F7xx_HAL_Driver\Src\stm32f7xx_hal.o
                0x08002fb4                HAL_IncTick
 .text.HAL_GetTick
                0x08002fdc       0x18 Drivers\STM32F7xx_HAL_Driver\Src\stm32f7xx_hal.o
                0x08002fdc                HAL_GetTick
 .text.HAL_Delay
                0x08002ff4       0x44 Drivers\STM32F7xx_HAL_Driver\Src\stm32f7xx_hal.o
                0x08002ff4                HAL_Delay
 .text.NVIC_SetPriorityGrouping
                0x08003038       0x48 Drivers\STM32F7xx_HAL_Driver\Src\stm32f7xx_hal_cortex.o
 .text.NVIC_GetPriorityGrouping
                0x08003080       0x1c Drivers\STM32F7xx_HAL_Driver\Src\stm32f7xx_hal_cortex.o
 .text.NVIC_EnableIRQ
                0x0800309c       0x34 Drivers\STM32F7xx_HAL_Driver\Src\stm32f7xx_hal_cortex.o
 .text.NVIC_SetPriority
                0x080030d0       0x54 Drivers\STM32F7xx_HAL_Driver\Src\stm32f7xx_hal_cortex.o
 .text.NVIC_EncodePriority
                0x08003124       0x62 Drivers\STM32F7xx_HAL_Driver\Src\stm32f7xx_hal_cortex.o
 *fill*         0x08003186        0x2 
 .text.SysTick_Config
                0x08003188       0x44 Drivers\STM32F7xx_HAL_Driver\Src\stm32f7xx_hal_cortex.o
 .text.HAL_NVIC_SetPriorityGrouping
                0x080031cc       0x16 Drivers\STM32F7xx_HAL_Driver\Src\stm32f7xx_hal_cortex.o
                0x080031cc                HAL_NVIC_SetPriorityGrouping
 .text.HAL_NVIC_SetPriority
                0x080031e2       0x38 Drivers\STM32F7xx_HAL_Driver\Src\stm32f7xx_hal_cortex.o
                0x080031e2                HAL_NVIC_SetPriority
 .text.HAL_NVIC_EnableIRQ
                0x0800321a       0x1c Drivers\STM32F7xx_HAL_Driver\Src\stm32f7xx_hal_cortex.o
                0x0800321a                HAL_NVIC_EnableIRQ
 .text.HAL_SYSTICK_Config
                0x08003236       0x18 Drivers\STM32F7xx_HAL_Driver\Src\stm32f7xx_hal_cortex.o
                0x08003236                HAL_SYSTICK_Config
 *fill*         0x0800324e        0x2 
 .text.HAL_SYSTICK_CLKSourceConfig
                0x08003250       0x38 Drivers\STM32F7xx_HAL_Driver\Src\stm32f7xx_hal_cortex.o
                0x08003250                HAL_SYSTICK_CLKSourceConfig
 .text.HAL_SYSTICK_IRQHandler
                0x08003288        0xc Drivers\STM32F7xx_HAL_Driver\Src\stm32f7xx_hal_cortex.o
                0x08003288                HAL_SYSTICK_IRQHandler
 .text.HAL_SYSTICK_Callback
                0x08003294        0xe Drivers\STM32F7xx_HAL_Driver\Src\stm32f7xx_hal_cortex.o
                0x08003294                HAL_SYSTICK_Callback
 *fill*         0x080032a2        0x2 
 .text.HAL_CRC_Init
                0x080032a4       0xc8 Drivers\STM32F7xx_HAL_Driver\Src\stm32f7xx_hal_crc.o
                0x080032a4                HAL_CRC_Init
 .text.HAL_CRCEx_Polynomial_Set
                0x0800336c       0xf4 Drivers\STM32F7xx_HAL_Driver\Src\stm32f7xx_hal_crc_ex.o
                0x0800336c                HAL_CRCEx_Polynomial_Set
 .text.HAL_DMA_Init
                0x08003460      0x15c Drivers\STM32F7xx_HAL_Driver\Src\stm32f7xx_hal_dma.o
                0x08003460                HAL_DMA_Init
 .text.HAL_DMA_DeInit
                0x080035bc       0xbc Drivers\STM32F7xx_HAL_Driver\Src\stm32f7xx_hal_dma.o
                0x080035bc                HAL_DMA_DeInit
 .text.DMA_CalcBaseAndBitshift
                0x08003678       0x6c Drivers\STM32F7xx_HAL_Driver\Src\stm32f7xx_hal_dma.o
 .text.DMA_CheckFifoParam
                0x080036e4       0xf4 Drivers\STM32F7xx_HAL_Driver\Src\stm32f7xx_hal_dma.o
 .text.HAL_DMA2D_Init
                0x080037d8       0x94 Drivers\STM32F7xx_HAL_Driver\Src\stm32f7xx_hal_dma2d.o
                0x080037d8                HAL_DMA2D_Init
 .text.HAL_DMA2D_Start
                0x0800386c       0x56 Drivers\STM32F7xx_HAL_Driver\Src\stm32f7xx_hal_dma2d.o
                0x0800386c                HAL_DMA2D_Start
 .text.HAL_DMA2D_PollForTransfer
                0x080038c2      0x1d0 Drivers\STM32F7xx_HAL_Driver\Src\stm32f7xx_hal_dma2d.o
                0x080038c2                HAL_DMA2D_PollForTransfer
 .text.HAL_DMA2D_IRQHandler
                0x08003a92      0x1f8 Drivers\STM32F7xx_HAL_Driver\Src\stm32f7xx_hal_dma2d.o
                0x08003a92                HAL_DMA2D_IRQHandler
 .text.HAL_DMA2D_LineEventCallback
                0x08003c8a       0x14 Drivers\STM32F7xx_HAL_Driver\Src\stm32f7xx_hal_dma2d.o
                0x08003c8a                HAL_DMA2D_LineEventCallback
 .text.HAL_DMA2D_CLUTLoadingCpltCallback
                0x08003c9e       0x14 Drivers\STM32F7xx_HAL_Driver\Src\stm32f7xx_hal_dma2d.o
                0x08003c9e                HAL_DMA2D_CLUTLoadingCpltCallback
 *fill*         0x08003cb2        0x2 
 .text.HAL_DMA2D_ConfigLayer
                0x08003cb4      0x128 Drivers\STM32F7xx_HAL_Driver\Src\stm32f7xx_hal_dma2d.o
                0x08003cb4                HAL_DMA2D_ConfigLayer
 .text.DMA2D_SetConfig
                0x08003ddc      0x14c Drivers\STM32F7xx_HAL_Driver\Src\stm32f7xx_hal_dma2d.o
 .text.HAL_GPIO_Init
                0x08003f28      0x354 Drivers\STM32F7xx_HAL_Driver\Src\stm32f7xx_hal_gpio.o
                0x08003f28                HAL_GPIO_Init
 .text.HAL_GPIO_ReadPin
                0x0800427c       0x30 Drivers\STM32F7xx_HAL_Driver\Src\stm32f7xx_hal_gpio.o
                0x0800427c                HAL_GPIO_ReadPin
 .text.HAL_GPIO_WritePin
                0x080042ac       0x32 Drivers\STM32F7xx_HAL_Driver\Src\stm32f7xx_hal_gpio.o
                0x080042ac                HAL_GPIO_WritePin
 *fill*         0x080042de        0x2 
 .text.HAL_I2C_Init
                0x080042e0      0x11c Drivers\STM32F7xx_HAL_Driver\Src\stm32f7xx_hal_i2c.o
                0x080042e0                HAL_I2C_Init
 .text.HAL_I2C_DeInit
                0x080043fc       0x5e Drivers\STM32F7xx_HAL_Driver\Src\stm32f7xx_hal_i2c.o
                0x080043fc                HAL_I2C_DeInit
 .text.HAL_I2C_MspInit
                0x0800445a       0x14 Drivers\STM32F7xx_HAL_Driver\Src\stm32f7xx_hal_i2c.o
                0x0800445a                HAL_I2C_MspInit
 .text.HAL_I2C_MspDeInit
                0x0800446e       0x14 Drivers\STM32F7xx_HAL_Driver\Src\stm32f7xx_hal_i2c.o
                0x0800446e                HAL_I2C_MspDeInit
 *fill*         0x08004482        0x2 
 .text.HAL_I2C_Mem_Write
                0x08004484      0x24c Drivers\STM32F7xx_HAL_Driver\Src\stm32f7xx_hal_i2c.o
                0x08004484                HAL_I2C_Mem_Write
 .text.HAL_I2C_Mem_Read
                0x080046d0      0x24c Drivers\STM32F7xx_HAL_Driver\Src\stm32f7xx_hal_i2c.o
                0x080046d0                HAL_I2C_Mem_Read
 .text.HAL_I2C_GetState
                0x0800491c       0x1c Drivers\STM32F7xx_HAL_Driver\Src\stm32f7xx_hal_i2c.o
                0x0800491c                HAL_I2C_GetState
 .text.I2C_RequestMemoryWrite
                0x08004938       0xc0 Drivers\STM32F7xx_HAL_Driver\Src\stm32f7xx_hal_i2c.o
 .text.I2C_RequestMemoryRead
                0x080049f8       0xc0 Drivers\STM32F7xx_HAL_Driver\Src\stm32f7xx_hal_i2c.o
 .text.I2C_Flush_TXDR
                0x08004ab8       0x48 Drivers\STM32F7xx_HAL_Driver\Src\stm32f7xx_hal_i2c.o
 .text.I2C_WaitOnFlagUntilTimeout
                0x08004b00       0x74 Drivers\STM32F7xx_HAL_Driver\Src\stm32f7xx_hal_i2c.o
 .text.I2C_WaitOnTXISFlagUntilTimeout
                0x08004b74       0x80 Drivers\STM32F7xx_HAL_Driver\Src\stm32f7xx_hal_i2c.o
 .text.I2C_WaitOnSTOPFlagUntilTimeout
                0x08004bf4       0x78 Drivers\STM32F7xx_HAL_Driver\Src\stm32f7xx_hal_i2c.o
 .text.I2C_IsAcknowledgeFailed
                0x08004c6c       0xbc Drivers\STM32F7xx_HAL_Driver\Src\stm32f7xx_hal_i2c.o
 .text.I2C_TransferConfig
                0x08004d28       0x58 Drivers\STM32F7xx_HAL_Driver\Src\stm32f7xx_hal_i2c.o
 .text.HAL_LTDC_Init
                0x08004d80      0x1b8 Drivers\STM32F7xx_HAL_Driver\Src\stm32f7xx_hal_ltdc.o
                0x08004d80                HAL_LTDC_Init
 .text.HAL_LTDC_IRQHandler
                0x08004f38      0x158 Drivers\STM32F7xx_HAL_Driver\Src\stm32f7xx_hal_ltdc.o
                0x08004f38                HAL_LTDC_IRQHandler
 .text.HAL_LTDC_ErrorCallback
                0x08005090       0x14 Drivers\STM32F7xx_HAL_Driver\Src\stm32f7xx_hal_ltdc.o
                0x08005090                HAL_LTDC_ErrorCallback
 .text.HAL_LTDC_LineEventCallback
                0x080050a4       0x14 Drivers\STM32F7xx_HAL_Driver\Src\stm32f7xx_hal_ltdc.o
                0x080050a4                HAL_LTDC_LineEventCallback
 .text.HAL_LTDC_ReloadEventCallback
                0x080050b8       0x14 Drivers\STM32F7xx_HAL_Driver\Src\stm32f7xx_hal_ltdc.o
                0x080050b8                HAL_LTDC_ReloadEventCallback
 .text.HAL_LTDC_ConfigLayer
                0x080050cc       0x7c Drivers\STM32F7xx_HAL_Driver\Src\stm32f7xx_hal_ltdc.o
                0x080050cc                HAL_LTDC_ConfigLayer
 .text.HAL_LTDC_GetState
                0x08005148       0x1c Drivers\STM32F7xx_HAL_Driver\Src\stm32f7xx_hal_ltdc.o
                0x08005148                HAL_LTDC_GetState
 .text.LTDC_SetConfig
                0x08005164      0x350 Drivers\STM32F7xx_HAL_Driver\Src\stm32f7xx_hal_ltdc.o
 .text.HAL_PWREx_EnableOverDrive
                0x080054b4       0xa0 Drivers\STM32F7xx_HAL_Driver\Src\stm32f7xx_hal_pwr_ex.o
                0x080054b4                HAL_PWREx_EnableOverDrive
 .text.HAL_RCC_OscConfig
                0x08005554      0x4e0 Drivers\STM32F7xx_HAL_Driver\Src\stm32f7xx_hal_rcc.o
                0x08005554                HAL_RCC_OscConfig
 .text.HAL_RCC_ClockConfig
                0x08005a34      0x1d0 Drivers\STM32F7xx_HAL_Driver\Src\stm32f7xx_hal_rcc.o
                0x08005a34                HAL_RCC_ClockConfig
 .text.HAL_RCC_GetSysClockFreq
                0x08005c04      0x16c Drivers\STM32F7xx_HAL_Driver\Src\stm32f7xx_hal_rcc.o
                0x08005c04                HAL_RCC_GetSysClockFreq
 .text.HAL_RCC_GetHCLKFreq
                0x08005d70       0x18 Drivers\STM32F7xx_HAL_Driver\Src\stm32f7xx_hal_rcc.o
                0x08005d70                HAL_RCC_GetHCLKFreq
 .text.HAL_RCC_GetPCLK1Freq
                0x08005d88       0x28 Drivers\STM32F7xx_HAL_Driver\Src\stm32f7xx_hal_rcc.o
                0x08005d88                HAL_RCC_GetPCLK1Freq
 .text.HAL_RCC_GetPCLK2Freq
                0x08005db0       0x28 Drivers\STM32F7xx_HAL_Driver\Src\stm32f7xx_hal_rcc.o
                0x08005db0                HAL_RCC_GetPCLK2Freq
 .text.HAL_RCC_GetClockConfig
                0x08005dd8       0x64 Drivers\STM32F7xx_HAL_Driver\Src\stm32f7xx_hal_rcc.o
                0x08005dd8                HAL_RCC_GetClockConfig
 .text.HAL_RCCEx_PeriphCLKConfig
                0x08005e3c      0x7dc Drivers\STM32F7xx_HAL_Driver\Src\stm32f7xx_hal_rcc_ex.o
                0x08005e3c                HAL_RCCEx_PeriphCLKConfig
 .text.HAL_SDRAM_Init
                0x08006618       0x68 Drivers\STM32F7xx_HAL_Driver\Src\stm32f7xx_hal_sdram.o
                0x08006618                HAL_SDRAM_Init
 .text.HAL_SDRAM_SendCommand
                0x08006680       0x56 Drivers\STM32F7xx_HAL_Driver\Src\stm32f7xx_hal_sdram.o
                0x08006680                HAL_SDRAM_SendCommand
 .text.HAL_SDRAM_ProgramRefreshRate
                0x080066d6       0x40 Drivers\STM32F7xx_HAL_Driver\Src\stm32f7xx_hal_sdram.o
                0x080066d6                HAL_SDRAM_ProgramRefreshRate
 .text.HAL_TIM_Base_Init
                0x08006716       0x56 Drivers\STM32F7xx_HAL_Driver\Src\stm32f7xx_hal_tim.o
                0x08006716                HAL_TIM_Base_Init
 .text.HAL_TIM_Base_Start
                0x0800676c       0x36 Drivers\STM32F7xx_HAL_Driver\Src\stm32f7xx_hal_tim.o
                0x0800676c                HAL_TIM_Base_Start
 .text.HAL_TIM_Base_Start_IT
                0x080067a2       0x36 Drivers\STM32F7xx_HAL_Driver\Src\stm32f7xx_hal_tim.o
                0x080067a2                HAL_TIM_Base_Start_IT
 .text.HAL_TIM_PWM_Init
                0x080067d8       0x56 Drivers\STM32F7xx_HAL_Driver\Src\stm32f7xx_hal_tim.o
                0x080067d8                HAL_TIM_PWM_Init
 .text.HAL_TIM_PWM_MspInit
                0x0800682e       0x14 Drivers\STM32F7xx_HAL_Driver\Src\stm32f7xx_hal_tim.o
                0x0800682e                HAL_TIM_PWM_MspInit
 *fill*         0x08006842        0x2 
 .text.HAL_TIM_PWM_Start
                0x08006844       0x68 Drivers\STM32F7xx_HAL_Driver\Src\stm32f7xx_hal_tim.o
                0x08006844                HAL_TIM_PWM_Start
 .text.HAL_TIM_IRQHandler
                0x080068ac      0x23e Drivers\STM32F7xx_HAL_Driver\Src\stm32f7xx_hal_tim.o
                0x080068ac                HAL_TIM_IRQHandler
 *fill*         0x08006aea        0x2 
 .text.HAL_TIM_ConfigClockSource
                0x08006aec      0x1c0 Drivers\STM32F7xx_HAL_Driver\Src\stm32f7xx_hal_tim.o
                0x08006aec                HAL_TIM_ConfigClockSource
 .text.HAL_TIM_OC_DelayElapsedCallback
                0x08006cac       0x14 Drivers\STM32F7xx_HAL_Driver\Src\stm32f7xx_hal_tim.o
                0x08006cac                HAL_TIM_OC_DelayElapsedCallback
 .text.HAL_TIM_IC_CaptureCallback
                0x08006cc0       0x14 Drivers\STM32F7xx_HAL_Driver\Src\stm32f7xx_hal_tim.o
                0x08006cc0                HAL_TIM_IC_CaptureCallback
 .text.HAL_TIM_PWM_PulseFinishedCallback
                0x08006cd4       0x14 Drivers\STM32F7xx_HAL_Driver\Src\stm32f7xx_hal_tim.o
                0x08006cd4                HAL_TIM_PWM_PulseFinishedCallback
 .text.HAL_TIM_TriggerCallback
                0x08006ce8       0x14 Drivers\STM32F7xx_HAL_Driver\Src\stm32f7xx_hal_tim.o
                0x08006ce8                HAL_TIM_TriggerCallback
 .text.TIM_Base_SetConfig
                0x08006cfc      0x160 Drivers\STM32F7xx_HAL_Driver\Src\stm32f7xx_hal_tim.o
                0x08006cfc                TIM_Base_SetConfig
 .text.TIM_OC1_SetConfig
                0x08006e5c       0xec Drivers\STM32F7xx_HAL_Driver\Src\stm32f7xx_hal_tim.o
                0x08006e5c                TIM_OC1_SetConfig
 .text.TIM_OC2_SetConfig
                0x08006f48       0xf4 Drivers\STM32F7xx_HAL_Driver\Src\stm32f7xx_hal_tim.o
                0x08006f48                TIM_OC2_SetConfig
 .text.TIM_OC3_SetConfig
                0x0800703c       0xf4 Drivers\STM32F7xx_HAL_Driver\Src\stm32f7xx_hal_tim.o
                0x0800703c                TIM_OC3_SetConfig
 .text.TIM_OC4_SetConfig
                0x08007130       0xc4 Drivers\STM32F7xx_HAL_Driver\Src\stm32f7xx_hal_tim.o
                0x08007130                TIM_OC4_SetConfig
 .text.TIM_TI1_ConfigInputStage
                0x080071f4       0x66 Drivers\STM32F7xx_HAL_Driver\Src\stm32f7xx_hal_tim.o
 .text.TIM_TI2_ConfigInputStage
                0x0800725a       0x68 Drivers\STM32F7xx_HAL_Driver\Src\stm32f7xx_hal_tim.o
 .text.TIM_ITRx_SetConfig
                0x080072c2       0x40 Drivers\STM32F7xx_HAL_Driver\Src\stm32f7xx_hal_tim.o
 .text.TIM_ETR_SetConfig
                0x08007302       0x44 Drivers\STM32F7xx_HAL_Driver\Src\stm32f7xx_hal_tim.o
                0x08007302                TIM_ETR_SetConfig
 .text.TIM_CCxChannelCmd
                0x08007346       0x46 Drivers\STM32F7xx_HAL_Driver\Src\stm32f7xx_hal_tim.o
                0x08007346                TIM_CCxChannelCmd
 .text.HAL_TIMEx_MasterConfigSynchronization
                0x0800738c       0xa8 Drivers\STM32F7xx_HAL_Driver\Src\stm32f7xx_hal_tim_ex.o
                0x0800738c                HAL_TIMEx_MasterConfigSynchronization
 .text.HAL_TIMEx_ConfigBreakDeadTime
                0x08007434      0x10c Drivers\STM32F7xx_HAL_Driver\Src\stm32f7xx_hal_tim_ex.o
                0x08007434                HAL_TIMEx_ConfigBreakDeadTime
 .text.HAL_TIMEx_CommutationCallback
                0x08007540       0x14 Drivers\STM32F7xx_HAL_Driver\Src\stm32f7xx_hal_tim_ex.o
                0x08007540                HAL_TIMEx_CommutationCallback
 .text.HAL_TIMEx_BreakCallback
                0x08007554       0x14 Drivers\STM32F7xx_HAL_Driver\Src\stm32f7xx_hal_tim_ex.o
                0x08007554                HAL_TIMEx_BreakCallback
 .text.HAL_TIM_PWM_ConfigChannel
                0x08007568      0x230 Drivers\STM32F7xx_HAL_Driver\Src\stm32f7xx_hal_tim_ex.o
                0x08007568                HAL_TIM_PWM_ConfigChannel
 .text.TIM_OC5_SetConfig
                0x08007798       0xb0 Drivers\STM32F7xx_HAL_Driver\Src\stm32f7xx_hal_tim_ex.o
 .text.TIM_OC6_SetConfig
                0x08007848       0xb4 Drivers\STM32F7xx_HAL_Driver\Src\stm32f7xx_hal_tim_ex.o
 .text.HAL_UART_Init
                0x080078fc       0xa2 Drivers\STM32F7xx_HAL_Driver\Src\stm32f7xx_hal_uart.o
                0x080078fc                HAL_UART_Init
 .text.UART_WaitOnFlagUntilTimeout
                0x0800799e       0x94 Drivers\STM32F7xx_HAL_Driver\Src\stm32f7xx_hal_uart.o
                0x0800799e                UART_WaitOnFlagUntilTimeout
 *fill*         0x08007a32        0x2 
 .text.UART_SetConfig
                0x08007a34      0x4dc Drivers\STM32F7xx_HAL_Driver\Src\stm32f7xx_hal_uart.o
                0x08007a34                UART_SetConfig
 .text.UART_AdvFeatureConfig
                0x08007f10      0x144 Drivers\STM32F7xx_HAL_Driver\Src\stm32f7xx_hal_uart.o
                0x08007f10                UART_AdvFeatureConfig
 .text.UART_CheckIdleState
                0x08008054       0x66 Drivers\STM32F7xx_HAL_Driver\Src\stm32f7xx_hal_uart.o
                0x08008054                UART_CheckIdleState
 *fill*         0x080080ba        0x2 
 .text.FMC_SDRAM_Init
                0x080080bc       0xe4 Drivers\STM32F7xx_HAL_Driver\Src\stm32f7xx_ll_fmc.o
                0x080080bc                FMC_SDRAM_Init
 .text.FMC_SDRAM_Timing_Init
                0x080081a0      0x100 Drivers\STM32F7xx_HAL_Driver\Src\stm32f7xx_ll_fmc.o
                0x080081a0                FMC_SDRAM_Timing_Init
 .text.FMC_SDRAM_SendCommand
                0x080082a0       0x42 Drivers\STM32F7xx_HAL_Driver\Src\stm32f7xx_ll_fmc.o
                0x080082a0                FMC_SDRAM_SendCommand
 .text.FMC_SDRAM_ProgramRefreshRate
                0x080082e2       0x26 Drivers\STM32F7xx_HAL_Driver\Src\stm32f7xx_ll_fmc.o
                0x080082e2                FMC_SDRAM_ProgramRefreshRate
 .text.SCB_EnableICache
                0x08008308       0x38 Src\main.o
 .text.SCB_EnableDCache
                0x08008340       0x80 Src\main.o
 .text.led1     0x080083c0       0x44 Src\main.o
                0x080083c0                led1
 *fill*         0x08008404        0x4 
 .text.led2     0x08008408       0x40 Src\main.o
                0x08008408                led2
 .text.set_sensor_input
                0x08008448       0x2c Src\main.o
                0x08008448                set_sensor_input
 .text.set_sensor_output
                0x08008474       0x2c Src\main.o
                0x08008474                set_sensor_output
 .text.delay_us
                0x080084a0       0x30 Src\main.o
                0x080084a0                delay_us
 .text.sensor_start
                0x080084d0       0x28 Src\main.o
                0x080084d0                sensor_start
 .text.check_response
                0x080084f8       0x50 Src\main.o
                0x080084f8                check_response
 .text.read_data
                0x08008548       0x90 Src\main.o
                0x08008548                read_data
 .text.DisplayButton1.11126
                0x080085d8       0x32 Src\main.o
 *fill*         0x0800860a        0x2 
 .text.main     0x0800860c      0x64c Src\main.o
                0x0800860c                main
 .text.welcome.11128
                0x08008c58       0x70 Src\main.o
 .text.DrawHome.11130
                0x08008cc8       0x88 Src\main.o
 .text.DrawBlinds.11132
                0x08008d50       0xdc Src\main.o
 .text.DrawLed.11134
                0x08008e2c       0xe4 Src\main.o
 .text.sensor.11136
                0x08008f10      0x190 Src\main.o
 .text.SystemClock_Config
                0x080090a0      0x150 Src\main.o
                0x080090a0                SystemClock_Config
 .text.MX_CRC_Init
                0x080091f0       0x50 Src\main.o
 .text.MX_DMA2D_Init
                0x08009240       0x74 Src\main.o
 .text.MX_LTDC_Init
                0x080092b4      0x108 Src\main.o
 .text.MX_TIM1_Init
                0x080093bc      0x148 Src\main.o
 .text.MX_TIM2_Init
                0x08009504       0xe4 Src\main.o
 .text.MX_TIM3_Init
                0x080095e8       0x9c Src\main.o
 .text.MX_USART1_UART_Init
                0x08009684       0x68 Src\main.o
 .text.MX_FMC_Init
                0x080096ec       0x98 Src\main.o
 .text.MX_GPIO_Init
                0x08009784      0x1dc Src\main.o
 .text.HAL_TIM_PeriodElapsedCallback
                0x08009960       0x24 Src\main.o
                0x08009960                HAL_TIM_PeriodElapsedCallback
 .text._Error_Handler
                0x08009984        0xc Src\main.o
                0x08009984                _Error_Handler
 .text.HAL_MspInit
                0x08009990       0x9c Src\stm32f7xx_hal_msp.o
                0x08009990                HAL_MspInit
 .text.HAL_CRC_MspInit
                0x08009a2c       0x40 Src\stm32f7xx_hal_msp.o
                0x08009a2c                HAL_CRC_MspInit
 .text.HAL_DMA2D_MspInit
                0x08009a6c       0x4c Src\stm32f7xx_hal_msp.o
                0x08009a6c                HAL_DMA2D_MspInit
 .text.HAL_LTDC_MspInit
                0x08009ab8      0x114 Src\stm32f7xx_hal_msp.o
                0x08009ab8                HAL_LTDC_MspInit
 .text.HAL_TIM_Base_MspInit
                0x08009bcc       0x8c Src\stm32f7xx_hal_msp.o
                0x08009bcc                HAL_TIM_Base_MspInit
 .text.HAL_TIM_MspPostInit
                0x08009c58       0x74 Src\stm32f7xx_hal_msp.o
                0x08009c58                HAL_TIM_MspPostInit
 .text.HAL_UART_MspInit
                0x08009ccc       0x60 Src\stm32f7xx_hal_msp.o
                0x08009ccc                HAL_UART_MspInit
 .text.HAL_FMC_MspInit
                0x08009d2c      0x114 Src\stm32f7xx_hal_msp.o
 .text.HAL_SDRAM_MspInit
                0x08009e40       0x14 Src\stm32f7xx_hal_msp.o
                0x08009e40                HAL_SDRAM_MspInit
 .text.HAL_InitTick
                0x08009e54       0xb0 Src\stm32f7xx_hal_timebase_TIM.o
                0x08009e54                HAL_InitTick
 .text.SVC_Handler
                0x08009f04        0xe Src\stm32f7xx_it.o
                0x08009f04                SVC_Handler
 .text.DebugMon_Handler
                0x08009f12        0xe Src\stm32f7xx_it.o
                0x08009f12                DebugMon_Handler
 .text.PendSV_Handler
                0x08009f20        0xe Src\stm32f7xx_it.o
                0x08009f20                PendSV_Handler
 .text.SysTick_Handler
                0x08009f2e        0xc Src\stm32f7xx_it.o
                0x08009f2e                SysTick_Handler
 *fill*         0x08009f3a        0x2 
 .text.TIM6_DAC_IRQHandler
                0x08009f3c       0x14 Src\stm32f7xx_it.o
                0x08009f3c                TIM6_DAC_IRQHandler
 .text.LTDC_IRQHandler
                0x08009f50       0x14 Src\stm32f7xx_it.o
                0x08009f50                LTDC_IRQHandler
 .text.LTDC_ER_IRQHandler
                0x08009f64       0x14 Src\stm32f7xx_it.o
                0x08009f64                LTDC_ER_IRQHandler
 .text.DMA2D_IRQHandler
                0x08009f78       0x14 Src\stm32f7xx_it.o
                0x08009f78                DMA2D_IRQHandler
 .text.SystemInit
                0x08009f8c       0x6c Src\system_stm32f7xx.o
                0x08009f8c                SystemInit
 .text.Reset_Handler
                0x08009ff8       0x50 startup\startup_stm32f746xx.o
                0x08009ff8                Reset_Handler
 .text.Default_Handler
                0x0800a048        0x2 startup\startup_stm32f746xx.o
                0x0800a048                RTC_Alarm_IRQHandler
                0x0800a048                EXTI2_IRQHandler
                0x0800a048                TIM8_CC_IRQHandler
                0x0800a048                UART8_IRQHandler
                0x0800a048                SPI4_IRQHandler
                0x0800a048                TIM1_CC_IRQHandler
                0x0800a048                DMA2_Stream5_IRQHandler
                0x0800a048                HardFault_Handler
                0x0800a048                DMA1_Stream5_IRQHandler
                0x0800a048                PVD_IRQHandler
                0x0800a048                TAMP_STAMP_IRQHandler
                0x0800a048                NMI_Handler
                0x0800a048                CAN2_RX1_IRQHandler
                0x0800a048                EXTI3_IRQHandler
                0x0800a048                TIM8_TRG_COM_TIM14_IRQHandler
                0x0800a048                TIM1_UP_TIM10_IRQHandler
                0x0800a048                TIM8_UP_TIM13_IRQHandler
                0x0800a048                I2C3_ER_IRQHandler
                0x0800a048                EXTI0_IRQHandler
                0x0800a048                I2C2_EV_IRQHandler
                0x0800a048                DMA1_Stream2_IRQHandler
                0x0800a048                CAN1_RX0_IRQHandler
                0x0800a048                FPU_IRQHandler
                0x0800a048                OTG_HS_WKUP_IRQHandler
                0x0800a048                UsageFault_Handler
                0x0800a048                CAN2_SCE_IRQHandler
                0x0800a048                DMA2_Stream2_IRQHandler
                0x0800a048                SPI1_IRQHandler
                0x0800a048                TIM1_BRK_TIM9_IRQHandler
                0x0800a048                DCMI_IRQHandler
                0x0800a048                CAN2_RX0_IRQHandler
                0x0800a048                DMA2_Stream3_IRQHandler
                0x0800a048                SAI2_IRQHandler
                0x0800a048                USART6_IRQHandler
                0x0800a048                USART3_IRQHandler
                0x0800a048                CAN1_RX1_IRQHandler
                0x0800a048                UART5_IRQHandler
                0x0800a048                DMA2_Stream0_IRQHandler
                0x0800a048                TIM4_IRQHandler
                0x0800a048                QUADSPI_IRQHandler
                0x0800a048                I2C1_EV_IRQHandler
                0x0800a048                DMA1_Stream6_IRQHandler
                0x0800a048                DMA1_Stream1_IRQHandler
                0x0800a048                UART4_IRQHandler
                0x0800a048                TIM3_IRQHandler
                0x0800a048                RCC_IRQHandler
                0x0800a048                TIM8_BRK_TIM12_IRQHandler
                0x0800a048                Default_Handler
                0x0800a048                CEC_IRQHandler
                0x0800a048                EXTI15_10_IRQHandler
                0x0800a048                ADC_IRQHandler
                0x0800a048                DMA1_Stream7_IRQHandler
                0x0800a048                SPI5_IRQHandler
                0x0800a048                TIM7_IRQHandler
                0x0800a048                SDMMC1_IRQHandler
                0x0800a048                CAN2_TX_IRQHandler
                0x0800a048                TIM5_IRQHandler
                0x0800a048                DMA2_Stream7_IRQHandler
                0x0800a048                I2C3_EV_IRQHandler
                0x0800a048                EXTI9_5_IRQHandler
                0x0800a048                RTC_WKUP_IRQHandler
                0x0800a048                ETH_WKUP_IRQHandler
                0x0800a048                SPDIF_RX_IRQHandler
                0x0800a048                SPI2_IRQHandler
                0x0800a048                OTG_HS_EP1_IN_IRQHandler
                0x0800a048                MemManage_Handler
                0x0800a048                DMA1_Stream0_IRQHandler
                0x0800a048                CAN1_TX_IRQHandler
                0x0800a048                EXTI4_IRQHandler
                0x0800a048                RNG_IRQHandler
                0x0800a048                ETH_IRQHandler
                0x0800a048                OTG_HS_EP1_OUT_IRQHandler
                0x0800a048                WWDG_IRQHandler
                0x0800a048                SPI6_IRQHandler
                0x0800a048                I2C4_EV_IRQHandler
                0x0800a048                TIM2_IRQHandler
                0x0800a048                OTG_FS_WKUP_IRQHandler
                0x0800a048                TIM1_TRG_COM_TIM11_IRQHandler
                0x0800a048                OTG_HS_IRQHandler
                0x0800a048                EXTI1_IRQHandler
                0x0800a048                UART7_IRQHandler
                0x0800a048                USART2_IRQHandler
                0x0800a048                I2C2_ER_IRQHandler
                0x0800a048                DMA2_Stream1_IRQHandler
                0x0800a048                CAN1_SCE_IRQHandler
                0x0800a048                FLASH_IRQHandler
                0x0800a048                DMA2_Stream4_IRQHandler
                0x0800a048                BusFault_Handler
                0x0800a048                USART1_IRQHandler
                0x0800a048                OTG_FS_IRQHandler
                0x0800a048                SPI3_IRQHandler
                0x0800a048                DMA1_Stream4_IRQHandler
                0x0800a048                I2C1_ER_IRQHandler
                0x0800a048                FMC_IRQHandler
                0x0800a048                LPTIM1_IRQHandler
                0x0800a048                I2C4_ER_IRQHandler
                0x0800a048                DMA2_Stream6_IRQHandler
                0x0800a048                SAI1_IRQHandler
                0x0800a048                DMA1_Stream3_IRQHandler
 *fill*         0x0800a04a        0x2 
 .text.__libc_init_array
                0x0800a04c       0x48 d:/zainstalowane/atollic/truestudio for stm32 9.3.0/armtools/bin/../lib/gcc/arm-atollic-eabi/6.3.1/../../../../arm-atollic-eabi/lib/armv7e-m/fpu/fpv5-sp-d16\libc_nano.a(lib_a-init.o)
                0x0800a04c                __libc_init_array
 *(.glue_7)
 .glue_7        0x0800a094        0x0 linker stubs
 *(.glue_7t)
 .glue_7t       0x0800a094        0x0 linker stubs
 *(.eh_frame)
 .eh_frame      0x0800a094        0x0 d:/zainstalowane/atollic/truestudio for stm32 9.3.0/armtools/bin/../lib/gcc/arm-atollic-eabi/6.3.1/armv7e-m/fpu/fpv5-sp-d16/crtbegin.o
 *(.init)
 .init          0x0800a094        0x4 d:/zainstalowane/atollic/truestudio for stm32 9.3.0/armtools/bin/../lib/gcc/arm-atollic-eabi/6.3.1/armv7e-m/fpu/fpv5-sp-d16/crti.o
                0x0800a094                _init
 .init          0x0800a098        0x8 d:/zainstalowane/atollic/truestudio for stm32 9.3.0/armtools/bin/../lib/gcc/arm-atollic-eabi/6.3.1/armv7e-m/fpu/fpv5-sp-d16/crtn.o
 *(.fini)
 .fini          0x0800a0a0        0x4 d:/zainstalowane/atollic/truestudio for stm32 9.3.0/armtools/bin/../lib/gcc/arm-atollic-eabi/6.3.1/armv7e-m/fpu/fpv5-sp-d16/crti.o
                0x0800a0a0                _fini
 .fini          0x0800a0a4        0x8 d:/zainstalowane/atollic/truestudio for stm32 9.3.0/armtools/bin/../lib/gcc/arm-atollic-eabi/6.3.1/armv7e-m/fpu/fpv5-sp-d16/crtn.o
                0x0800a0ac                . = ALIGN (0x4)
                0x0800a0ac                _etext = .

.vfp11_veneer   0x0800a0ac        0x0
 .vfp11_veneer  0x0800a0ac        0x0 linker stubs

.v4_bx          0x0800a0ac        0x0
 .v4_bx         0x0800a0ac        0x0 linker stubs

.iplt           0x0800a0ac        0x0
 .iplt          0x0800a0ac        0x0 d:/zainstalowane/atollic/truestudio for stm32 9.3.0/armtools/bin/../lib/gcc/arm-atollic-eabi/6.3.1/armv7e-m/fpu/fpv5-sp-d16/crtbegin.o

.rodata         0x0800a0ac     0x1ffc
                0x0800a0ac                . = ALIGN (0x4)
 *(.rodata)
 .rodata        0x0800a0ac       0xae Src\main.o
 *(.rodata*)
 *fill*         0x0800a15a        0x2 
 .rodata.Font24_Table
                0x0800a15c     0x1ab8 Drivers\BSP\STM32746G-Discovery\stm32746g_discovery_lcd.o
                0x0800a15c                Font24_Table
 .rodata.Font12_Table
                0x0800bc14      0x474 Drivers\BSP\STM32746G-Discovery\stm32746g_discovery_lcd.o
                0x0800bc14                Font12_Table
 .rodata.flagBitshiftOffset.10048
                0x0800c088        0x8 Drivers\STM32F7xx_HAL_Driver\Src\stm32f7xx_hal_dma.o
 .rodata.AHBPrescTable
                0x0800c090       0x10 Src\system_stm32f7xx.o
                0x0800c090                AHBPrescTable
 .rodata.APBPrescTable
                0x0800c0a0        0x8 Src\system_stm32f7xx.o
                0x0800c0a0                APBPrescTable
                0x0800c0a8                . = ALIGN (0x4)

.ARM.extab
 *(.ARM.extab* .gnu.linkonce.armextab.*)

.ARM            0x0800c0a8        0x8
                0x0800c0a8                __exidx_start = .
 *(.ARM.exidx*)
 .ARM.exidx     0x0800c0a8        0x8 d:/zainstalowane/atollic/truestudio for stm32 9.3.0/armtools/bin/../lib/gcc/arm-atollic-eabi/6.3.1/armv7e-m/fpu/fpv5-sp-d16\libgcc.a(_udivmoddi4.o)
                0x0800c0b0                __exidx_end = .

.rel.dyn        0x0800c0b0        0x0
 .rel.iplt      0x0800c0b0        0x0 d:/zainstalowane/atollic/truestudio for stm32 9.3.0/armtools/bin/../lib/gcc/arm-atollic-eabi/6.3.1/armv7e-m/fpu/fpv5-sp-d16/crtbegin.o

.preinit_array  0x0800c0b0        0x0
                0x0800c0b0                PROVIDE (__preinit_array_start, .)
 *(.preinit_array*)
                0x0800c0b0                PROVIDE (__preinit_array_end, .)

.init_array     0x0800c0b0        0x4
                0x0800c0b0                PROVIDE (__init_array_start, .)
 *(SORT(.init_array.*))
 *(.init_array*)
 .init_array    0x0800c0b0        0x4 d:/zainstalowane/atollic/truestudio for stm32 9.3.0/armtools/bin/../lib/gcc/arm-atollic-eabi/6.3.1/armv7e-m/fpu/fpv5-sp-d16/crtbegin.o
                0x0800c0b4                PROVIDE (__init_array_end, .)

.fini_array     0x0800c0b4        0x4
                [!provide]                PROVIDE (__fini_array_start, .)
 *(SORT(.fini_array.*))
 *(.fini_array*)
 .fini_array    0x0800c0b4        0x4 d:/zainstalowane/atollic/truestudio for stm32 9.3.0/armtools/bin/../lib/gcc/arm-atollic-eabi/6.3.1/armv7e-m/fpu/fpv5-sp-d16/crtbegin.o
                [!provide]                PROVIDE (__fini_array_end, .)
                0x0800c0b8                _sidata = LOADADDR (.data)

.data           0x20000000    0x2c988 load address 0x0800c0b8
                0x20000000                . = ALIGN (0x4)
                0x20000000                _sdata = .
 *(.data)
 *(.data*)
 .data.ft5336_ts_drv
                0x20000000       0x28 Drivers\BSP\Components\ft5336\ft5336.o
                0x20000000                ft5336_ts_drv
 .data.Font24   0x20000028        0x8 Drivers\BSP\STM32746G-Discovery\stm32746g_discovery_lcd.o
                0x20000028                Font24
 .data.Font12   0x20000030        0x8 Drivers\BSP\STM32746G-Discovery\stm32746g_discovery_lcd.o
                0x20000030                Font12
 .data.sdramstatus.9964
                0x20000038        0x1 Drivers\BSP\STM32746G-Discovery\stm32746g_discovery_sdram.o
 .data.uwTickFreq
                0x20000039        0x1 Drivers\STM32F7xx_HAL_Driver\Src\stm32f7xx_hal.o
                0x20000039                uwTickFreq
 *fill*         0x2000003a        0x2 
 .data.back     0x2000003c      0xbee Src\main.o
                0x2000003c                back
 *fill*         0x20000c2a        0x2 
 .data.open     0x20000c2c    0x14252 Src\main.o
                0x20000c2c                open
 *fill*         0x20014e7e        0x2 
 .data.closed   0x20014e80    0x14252 Src\main.o
                0x20014e80                closed
 *fill*         0x200290d2        0x2 
 .data.lock_open
                0x200290d4     0x1c56 Src\main.o
                0x200290d4                lock_open
 *fill*         0x2002ad2a        0x2 
 .data.lock_closed
                0x2002ad2c     0x1c56 Src\main.o
                0x2002ad2c                lock_closed
 *fill*         0x2002c982        0x2 
 .data.SystemCoreClock
                0x2002c984        0x4 Src\system_stm32f7xx.o
                0x2002c984                SystemCoreClock
                0x2002c988                . = ALIGN (0x4)
                0x2002c988                _edata = .

.igot.plt       0x2002c988        0x0 load address 0x08038a40
 .igot.plt      0x2002c988        0x0 d:/zainstalowane/atollic/truestudio for stm32 9.3.0/armtools/bin/../lib/gcc/arm-atollic-eabi/6.3.1/armv7e-m/fpu/fpv5-sp-d16/crtbegin.o
                0x2002c988                . = ALIGN (0x4)

.bss            0x2002c988      0x618 load address 0x08038a40
                0x2002c988                _sbss = .
                0x2002c988                __bss_start__ = _sbss
 *(.bss)
 .bss           0x2002c988       0x1c d:/zainstalowane/atollic/truestudio for stm32 9.3.0/armtools/bin/../lib/gcc/arm-atollic-eabi/6.3.1/armv7e-m/fpu/fpv5-sp-d16/crtbegin.o
 *(.bss*)
 .bss.ft5336_handle
                0x2002c9a4        0x3 Drivers\BSP\Components\ft5336\ft5336.o
 *fill*         0x2002c9a7        0x1 
 .bss.coord.5391
                0x2002c9a8        0x2 Drivers\BSP\Components\ft5336\ft5336.o
 *fill*         0x2002c9aa        0x2 
 .bss.hI2cAudioHandler
                0x2002c9ac       0x4c Drivers\BSP\STM32746G-Discovery\stm32746g_discovery.o
 .bss.hDma2dHandler
                0x2002c9f8       0x40 Drivers\BSP\STM32746G-Discovery\stm32746g_discovery_lcd.o
 .bss.ActiveLayer
                0x2002ca38        0x4 Drivers\BSP\STM32746G-Discovery\stm32746g_discovery_lcd.o
 .bss.DrawProp  0x2002ca3c       0x18 Drivers\BSP\STM32746G-Discovery\stm32746g_discovery_lcd.o
 .bss.periph_clk_init_struct.10551
                0x2002ca54       0x84 Drivers\BSP\STM32746G-Discovery\stm32746g_discovery_lcd.o
 .bss.Timing    0x2002cad8       0x1c Drivers\BSP\STM32746G-Discovery\stm32746g_discovery_sdram.o
 .bss.Command   0x2002caf4       0x10 Drivers\BSP\STM32746G-Discovery\stm32746g_discovery_sdram.o
 .bss.dma_handle.10000
                0x2002cb04       0x60 Drivers\BSP\STM32746G-Discovery\stm32746g_discovery_sdram.o
 .bss.tsDriver  0x2002cb64        0x4 Drivers\BSP\STM32746G-Discovery\stm32746g_discovery_ts.o
 .bss.tsXBoundary
                0x2002cb68        0x2 Drivers\BSP\STM32746G-Discovery\stm32746g_discovery_ts.o
 .bss.tsYBoundary
                0x2002cb6a        0x2 Drivers\BSP\STM32746G-Discovery\stm32746g_discovery_ts.o
 .bss.tsOrientation
                0x2002cb6c        0x1 Drivers\BSP\STM32746G-Discovery\stm32746g_discovery_ts.o
 .bss.I2cAddress
                0x2002cb6d        0x1 Drivers\BSP\STM32746G-Discovery\stm32746g_discovery_ts.o
 *fill*         0x2002cb6e        0x2 
 .bss._x.10116  0x2002cb70       0x14 Drivers\BSP\STM32746G-Discovery\stm32746g_discovery_ts.o
 .bss._y.10117  0x2002cb84       0x14 Drivers\BSP\STM32746G-Discovery\stm32746g_discovery_ts.o
 .bss.check     0x2002cb98        0x1 Src\main.o
                0x2002cb98                check
 .bss.lock      0x2002cb99        0x1 Src\main.o
                0x2002cb99                lock
 *fill*         0x2002cb9a        0x2 
 .bss.led       0x2002cb9c        0x4 Src\main.o
                0x2002cb9c                led
 .bss.count2    0x2002cba0        0x1 Src\main.o
                0x2002cba0                count2
 .bss.count3    0x2002cba1        0x1 Src\main.o
                0x2002cba1                count3
 *fill*         0x2002cba2        0x2 
 .bss.FMC_Initialized
                0x2002cba4        0x4 Src\stm32f7xx_hal_msp.o
 *(COMMON)
 COMMON         0x2002cba8       0xa8 Drivers\BSP\STM32746G-Discovery\stm32746g_discovery_lcd.o
                0x2002cba8                hLtdcHandler
 COMMON         0x2002cc50       0x34 Drivers\BSP\STM32746G-Discovery\stm32746g_discovery_sdram.o
                0x2002cc50                sdramHandle
 COMMON         0x2002cc84        0x4 Drivers\STM32F7xx_HAL_Driver\Src\stm32f7xx_hal.o
                0x2002cc84                uwTick
 COMMON         0x2002cc88      0x2d6 Src\main.o
                0x2002cc88                x
                0x2002cc90                back2
                0x2002cc94                hcrc
                0x2002ccb8                sum
                0x2002ccba                Rh_byte1
                0x2002ccbc                last_y
                0x2002ccc4                htim3
                0x2002cd04                hltdc
                0x2002cdac                huart1
                0x2002ce1c                Temp_byte1
                0x2002ce1d                Rh_byte2
                0x2002ce20                GPIO_InitStruct
                0x2002ce34                htim1
                0x2002ce74                y
                0x2002ce7c                hdma2d
                0x2002cebc                TS_State
                0x2002cee8                htim2
                0x2002cf28                hsdram1
                0x2002cf5c                back1
                0x2002cf5d                Temp_byte2
 *fill*         0x2002cf5e        0x2 
 COMMON         0x2002cf60       0x40 Src\stm32f7xx_hal_timebase_TIM.o
                0x2002cf60                htim6
                0x2002cfa0                . = ALIGN (0x4)
                0x2002cfa0                _ebss = .
                0x2002cfa0                __bss_end__ = _ebss

._user_heap_stack
                0x2002cfa0      0xc00 load address 0x08038a40
                0x2002cfa0                . = ALIGN (0x4)
                [!provide]                PROVIDE (end, .)
                [!provide]                PROVIDE (_end, .)
                0x2002d3a0                . = (. + _Min_Heap_Size)
 *fill*         0x2002cfa0      0x400 
                0x2002dba0                . = (. + _Min_Stack_Size)
 *fill*         0x2002d3a0      0x800 
                0x2002dba0                . = ALIGN (0x4)

/DISCARD/
 libc.a(*)
 libm.a(*)
 libgcc.a(*)

.ARM.attributes
                0x00000000       0x30
 *(.ARM.attributes)
 .ARM.attributes
                0x00000000       0x22 d:/zainstalowane/atollic/truestudio for stm32 9.3.0/armtools/bin/../lib/gcc/arm-atollic-eabi/6.3.1/armv7e-m/fpu/fpv5-sp-d16/crti.o
 .ARM.attributes
                0x00000022       0x34 d:/zainstalowane/atollic/truestudio for stm32 9.3.0/armtools/bin/../lib/gcc/arm-atollic-eabi/6.3.1/armv7e-m/fpu/fpv5-sp-d16/crtbegin.o
 .ARM.attributes
                0x00000056       0x39 Drivers\BSP\Components\ft5336\ft5336.o
 .ARM.attributes
                0x0000008f       0x39 Drivers\BSP\STM32746G-Discovery\stm32746g_discovery.o
 .ARM.attributes
                0x000000c8       0x39 Drivers\BSP\STM32746G-Discovery\stm32746g_discovery_lcd.o
 .ARM.attributes
                0x00000101       0x39 Drivers\BSP\STM32746G-Discovery\stm32746g_discovery_sdram.o
 .ARM.attributes
                0x0000013a       0x39 Drivers\BSP\STM32746G-Discovery\stm32746g_discovery_ts.o
 .ARM.attributes
                0x00000173       0x39 Drivers\STM32F7xx_HAL_Driver\Src\stm32f7xx_hal.o
 .ARM.attributes
                0x000001ac       0x39 Drivers\STM32F7xx_HAL_Driver\Src\stm32f7xx_hal_cortex.o
 .ARM.attributes
                0x000001e5       0x39 Drivers\STM32F7xx_HAL_Driver\Src\stm32f7xx_hal_crc.o
 .ARM.attributes
                0x0000021e       0x39 Drivers\STM32F7xx_HAL_Driver\Src\stm32f7xx_hal_crc_ex.o
 .ARM.attributes
                0x00000257       0x39 Drivers\STM32F7xx_HAL_Driver\Src\stm32f7xx_hal_dma.o
 .ARM.attributes
                0x00000290       0x39 Drivers\STM32F7xx_HAL_Driver\Src\stm32f7xx_hal_dma2d.o
 .ARM.attributes
                0x000002c9       0x39 Drivers\STM32F7xx_HAL_Driver\Src\stm32f7xx_hal_gpio.o
 .ARM.attributes
                0x00000302       0x39 Drivers\STM32F7xx_HAL_Driver\Src\stm32f7xx_hal_i2c.o
 .ARM.attributes
                0x0000033b       0x39 Drivers\STM32F7xx_HAL_Driver\Src\stm32f7xx_hal_ltdc.o
 .ARM.attributes
                0x00000374       0x39 Drivers\STM32F7xx_HAL_Driver\Src\stm32f7xx_hal_pwr_ex.o
 .ARM.attributes
                0x000003ad       0x39 Drivers\STM32F7xx_HAL_Driver\Src\stm32f7xx_hal_rcc.o
 .ARM.attributes
                0x000003e6       0x39 Drivers\STM32F7xx_HAL_Driver\Src\stm32f7xx_hal_rcc_ex.o
 .ARM.attributes
                0x0000041f       0x39 Drivers\STM32F7xx_HAL_Driver\Src\stm32f7xx_hal_sdram.o
 .ARM.attributes
                0x00000458       0x39 Drivers\STM32F7xx_HAL_Driver\Src\stm32f7xx_hal_tim.o
 .ARM.attributes
                0x00000491       0x39 Drivers\STM32F7xx_HAL_Driver\Src\stm32f7xx_hal_tim_ex.o
 .ARM.attributes
                0x000004ca       0x39 Drivers\STM32F7xx_HAL_Driver\Src\stm32f7xx_hal_uart.o
 .ARM.attributes
                0x00000503       0x39 Drivers\STM32F7xx_HAL_Driver\Src\stm32f7xx_ll_fmc.o
 .ARM.attributes
                0x0000053c       0x39 Src\main.o
 .ARM.attributes
                0x00000575       0x39 Src\stm32f7xx_hal_msp.o
 .ARM.attributes
                0x000005ae       0x39 Src\stm32f7xx_hal_timebase_TIM.o
 .ARM.attributes
                0x000005e7       0x39 Src\stm32f7xx_it.o
 .ARM.attributes
                0x00000620       0x39 Src\system_stm32f7xx.o
 .ARM.attributes
                0x00000659       0x21 startup\startup_stm32f746xx.o
 .ARM.attributes
                0x0000067a       0x34 d:/zainstalowane/atollic/truestudio for stm32 9.3.0/armtools/bin/../lib/gcc/arm-atollic-eabi/6.3.1/../../../../arm-atollic-eabi/lib/armv7e-m/fpu/fpv5-sp-d16\libc_nano.a(lib_a-init.o)
 .ARM.attributes
                0x000006ae       0x22 d:/zainstalowane/atollic/truestudio for stm32 9.3.0/armtools/bin/../lib/gcc/arm-atollic-eabi/6.3.1/armv7e-m/fpu/fpv5-sp-d16\libgcc.a(_arm_addsubdf3.o)
 .ARM.attributes
                0x000006d0       0x22 d:/zainstalowane/atollic/truestudio for stm32 9.3.0/armtools/bin/../lib/gcc/arm-atollic-eabi/6.3.1/armv7e-m/fpu/fpv5-sp-d16\libgcc.a(_arm_muldivdf3.o)
 .ARM.attributes
                0x000006f2       0x22 d:/zainstalowane/atollic/truestudio for stm32 9.3.0/armtools/bin/../lib/gcc/arm-atollic-eabi/6.3.1/armv7e-m/fpu/fpv5-sp-d16\libgcc.a(_arm_fixdfsi.o)
 .ARM.attributes
                0x00000714       0x22 d:/zainstalowane/atollic/truestudio for stm32 9.3.0/armtools/bin/../lib/gcc/arm-atollic-eabi/6.3.1/armv7e-m/fpu/fpv5-sp-d16\libgcc.a(_aeabi_uldivmod.o)
 .ARM.attributes
                0x00000736       0x34 d:/zainstalowane/atollic/truestudio for stm32 9.3.0/armtools/bin/../lib/gcc/arm-atollic-eabi/6.3.1/armv7e-m/fpu/fpv5-sp-d16\libgcc.a(_udivmoddi4.o)
 .ARM.attributes
                0x0000076a       0x22 d:/zainstalowane/atollic/truestudio for stm32 9.3.0/armtools/bin/../lib/gcc/arm-atollic-eabi/6.3.1/armv7e-m/fpu/fpv5-sp-d16\libgcc.a(_dvmd_tls.o)
 .ARM.attributes
                0x0000078c       0x22 d:/zainstalowane/atollic/truestudio for stm32 9.3.0/armtools/bin/../lib/gcc/arm-atollic-eabi/6.3.1/armv7e-m/fpu/fpv5-sp-d16/crtn.o
OUTPUT(Led.elf elf32-littlearm)

.debug_info     0x00000000    0x280f3
 .debug_info    0x00000000      0x589 Drivers\BSP\Components\ft5336\ft5336.o
 .debug_info    0x00000589     0x217c Drivers\BSP\STM32746G-Discovery\stm32746g_discovery.o
 .debug_info    0x00002705     0x2a1e Drivers\BSP\STM32746G-Discovery\stm32746g_discovery_lcd.o
 .debug_info    0x00005123     0x16da Drivers\BSP\STM32746G-Discovery\stm32746g_discovery_sdram.o
 .debug_info    0x000067fd     0x118f Drivers\BSP\STM32746G-Discovery\stm32746g_discovery_ts.o
 .debug_info    0x0000798c     0x1230 Drivers\STM32F7xx_HAL_Driver\Src\stm32f7xx_hal.o
 .debug_info    0x00008bbc     0x1804 Drivers\STM32F7xx_HAL_Driver\Src\stm32f7xx_hal_cortex.o
 .debug_info    0x0000a3c0      0xd64 Drivers\STM32F7xx_HAL_Driver\Src\stm32f7xx_hal_crc.o
 .debug_info    0x0000b124      0xbd8 Drivers\STM32F7xx_HAL_Driver\Src\stm32f7xx_hal_crc_ex.o
 .debug_info    0x0000bcfc     0x1123 Drivers\STM32F7xx_HAL_Driver\Src\stm32f7xx_hal_dma.o
 .debug_info    0x0000ce1f     0x1685 Drivers\STM32F7xx_HAL_Driver\Src\stm32f7xx_hal_dma2d.o
 .debug_info    0x0000e4a4      0xf9d Drivers\STM32F7xx_HAL_Driver\Src\stm32f7xx_hal_gpio.o
 .debug_info    0x0000f441     0x240b Drivers\STM32F7xx_HAL_Driver\Src\stm32f7xx_hal_i2c.o
 .debug_info    0x0001184c     0x18bd Drivers\STM32F7xx_HAL_Driver\Src\stm32f7xx_hal_ltdc.o
 .debug_info    0x00013109     0x1167 Drivers\STM32F7xx_HAL_Driver\Src\stm32f7xx_hal_pwr_ex.o
 .debug_info    0x00014270     0x10e7 Drivers\STM32F7xx_HAL_Driver\Src\stm32f7xx_hal_rcc.o
 .debug_info    0x00015357      0xf6e Drivers\STM32F7xx_HAL_Driver\Src\stm32f7xx_hal_rcc_ex.o
 .debug_info    0x000162c5     0x1458 Drivers\STM32F7xx_HAL_Driver\Src\stm32f7xx_hal_sdram.o
 .debug_info    0x0001771d     0x2a62 Drivers\STM32F7xx_HAL_Driver\Src\stm32f7xx_hal_tim.o
 .debug_info    0x0001a17f     0x1ac3 Drivers\STM32F7xx_HAL_Driver\Src\stm32f7xx_hal_tim_ex.o
 .debug_info    0x0001bc42     0x1b77 Drivers\STM32F7xx_HAL_Driver\Src\stm32f7xx_hal_uart.o
 .debug_info    0x0001d7b9     0x1493 Drivers\STM32F7xx_HAL_Driver\Src\stm32f7xx_ll_fmc.o
 .debug_info    0x0001ec4c     0x399c Src\main.o
 .debug_info    0x000225e8     0x2310 Src\stm32f7xx_hal_msp.o
 .debug_info    0x000248f8     0x13ab Src\stm32f7xx_hal_timebase_TIM.o
 .debug_info    0x00025ca3     0x14f5 Src\stm32f7xx_it.o
 .debug_info    0x00027198      0xf00 Src\system_stm32f7xx.o
 .debug_info    0x00028098       0x5b startup\startup_stm32f746xx.o

.debug_abbrev   0x00000000     0x4379
 .debug_abbrev  0x00000000      0x1e7 Drivers\BSP\Components\ft5336\ft5336.o
 .debug_abbrev  0x000001e7      0x2d9 Drivers\BSP\STM32746G-Discovery\stm32746g_discovery.o
 .debug_abbrev  0x000004c0      0x2f5 Drivers\BSP\STM32746G-Discovery\stm32746g_discovery_lcd.o
 .debug_abbrev  0x000007b5      0x275 Drivers\BSP\STM32746G-Discovery\stm32746g_discovery_sdram.o
 .debug_abbrev  0x00000a2a      0x293 Drivers\BSP\STM32746G-Discovery\stm32746g_discovery_ts.o
 .debug_abbrev  0x00000cbd      0x282 Drivers\STM32F7xx_HAL_Driver\Src\stm32f7xx_hal.o
 .debug_abbrev  0x00000f3f      0x371 Drivers\STM32F7xx_HAL_Driver\Src\stm32f7xx_hal_cortex.o
 .debug_abbrev  0x000012b0      0x263 Drivers\STM32F7xx_HAL_Driver\Src\stm32f7xx_hal_crc.o
 .debug_abbrev  0x00001513      0x1e8 Drivers\STM32F7xx_HAL_Driver\Src\stm32f7xx_hal_crc_ex.o
 .debug_abbrev  0x000016fb      0x286 Drivers\STM32F7xx_HAL_Driver\Src\stm32f7xx_hal_dma.o
 .debug_abbrev  0x00001981      0x284 Drivers\STM32F7xx_HAL_Driver\Src\stm32f7xx_hal_dma2d.o
 .debug_abbrev  0x00001c05      0x24c Drivers\STM32F7xx_HAL_Driver\Src\stm32f7xx_hal_gpio.o
 .debug_abbrev  0x00001e51      0x2a5 Drivers\STM32F7xx_HAL_Driver\Src\stm32f7xx_hal_i2c.o
 .debug_abbrev  0x000020f6      0x2b1 Drivers\STM32F7xx_HAL_Driver\Src\stm32f7xx_hal_ltdc.o
 .debug_abbrev  0x000023a7      0x28b Drivers\STM32F7xx_HAL_Driver\Src\stm32f7xx_hal_pwr_ex.o
 .debug_abbrev  0x00002632      0x29d Drivers\STM32F7xx_HAL_Driver\Src\stm32f7xx_hal_rcc.o
 .debug_abbrev  0x000028cf      0x23f Drivers\STM32F7xx_HAL_Driver\Src\stm32f7xx_hal_rcc_ex.o
 .debug_abbrev  0x00002b0e      0x263 Drivers\STM32F7xx_HAL_Driver\Src\stm32f7xx_hal_sdram.o
 .debug_abbrev  0x00002d71      0x280 Drivers\STM32F7xx_HAL_Driver\Src\stm32f7xx_hal_tim.o
 .debug_abbrev  0x00002ff1      0x288 Drivers\STM32F7xx_HAL_Driver\Src\stm32f7xx_hal_tim_ex.o
 .debug_abbrev  0x00003279      0x2b4 Drivers\STM32F7xx_HAL_Driver\Src\stm32f7xx_hal_uart.o
 .debug_abbrev  0x0000352d      0x21e Drivers\STM32F7xx_HAL_Driver\Src\stm32f7xx_ll_fmc.o
 .debug_abbrev  0x0000374b      0x398 Src\main.o
 .debug_abbrev  0x00003ae3      0x2b7 Src\stm32f7xx_hal_msp.o
 .debug_abbrev  0x00003d9a      0x207 Src\stm32f7xx_hal_timebase_TIM.o
 .debug_abbrev  0x00003fa1      0x1e0 Src\stm32f7xx_it.o
 .debug_abbrev  0x00004181      0x1e6 Src\system_stm32f7xx.o
 .debug_abbrev  0x00004367       0x12 startup\startup_stm32f746xx.o

.debug_aranges  0x00000000     0x1868
 .debug_aranges
                0x00000000       0x90 Drivers\BSP\Components\ft5336\ft5336.o
 .debug_aranges
                0x00000090      0x128 Drivers\BSP\STM32746G-Discovery\stm32746g_discovery.o
 .debug_aranges
                0x000001b8      0x1d8 Drivers\BSP\STM32746G-Discovery\stm32746g_discovery_lcd.o
 .debug_aranges
                0x00000390       0x68 Drivers\BSP\STM32746G-Discovery\stm32746g_discovery_sdram.o
 .debug_aranges
                0x000003f8       0x58 Drivers\BSP\STM32746G-Discovery\stm32746g_discovery_ts.o
 .debug_aranges
                0x00000450      0x100 Drivers\STM32F7xx_HAL_Driver\Src\stm32f7xx_hal.o
 .debug_aranges
                0x00000550      0x118 Drivers\STM32F7xx_HAL_Driver\Src\stm32f7xx_hal_cortex.o
 .debug_aranges
                0x00000668       0x60 Drivers\STM32F7xx_HAL_Driver\Src\stm32f7xx_hal_crc.o
 .debug_aranges
                0x000006c8       0x30 Drivers\STM32F7xx_HAL_Driver\Src\stm32f7xx_hal_crc_ex.o
 .debug_aranges
                0x000006f8       0x90 Drivers\STM32F7xx_HAL_Driver\Src\stm32f7xx_hal_dma.o
 .debug_aranges
                0x00000788      0x108 Drivers\STM32F7xx_HAL_Driver\Src\stm32f7xx_hal_dma2d.o
 .debug_aranges
                0x00000890       0x58 Drivers\STM32F7xx_HAL_Driver\Src\stm32f7xx_hal_gpio.o
 .debug_aranges
                0x000008e8      0x260 Drivers\STM32F7xx_HAL_Driver\Src\stm32f7xx_hal_i2c.o
 .debug_aranges
                0x00000b48      0x158 Drivers\STM32F7xx_HAL_Driver\Src\stm32f7xx_hal_ltdc.o
 .debug_aranges
                0x00000ca0       0x80 Drivers\STM32F7xx_HAL_Driver\Src\stm32f7xx_hal_pwr_ex.o
 .debug_aranges
                0x00000d20       0x88 Drivers\STM32F7xx_HAL_Driver\Src\stm32f7xx_hal_rcc.o
 .debug_aranges
                0x00000da8       0x50 Drivers\STM32F7xx_HAL_Driver\Src\stm32f7xx_hal_rcc_ex.o
 .debug_aranges
                0x00000df8       0xd0 Drivers\STM32F7xx_HAL_Driver\Src\stm32f7xx_hal_sdram.o
 .debug_aranges
                0x00000ec8      0x368 Drivers\STM32F7xx_HAL_Driver\Src\stm32f7xx_hal_tim.o
 .debug_aranges
                0x00001230      0x170 Drivers\STM32F7xx_HAL_Driver\Src\stm32f7xx_hal_tim_ex.o
 .debug_aranges
                0x000013a0      0x190 Drivers\STM32F7xx_HAL_Driver\Src\stm32f7xx_hal_uart.o
 .debug_aranges
                0x00001530       0xc8 Drivers\STM32F7xx_HAL_Driver\Src\stm32f7xx_ll_fmc.o
 .debug_aranges
                0x000015f8      0x100 Src\main.o
 .debug_aranges
                0x000016f8       0x98 Src\stm32f7xx_hal_msp.o
 .debug_aranges
                0x00001790       0x30 Src\stm32f7xx_hal_timebase_TIM.o
 .debug_aranges
                0x000017c0       0x58 Src\stm32f7xx_it.o
 .debug_aranges
                0x00001818       0x28 Src\system_stm32f7xx.o
 .debug_aranges
                0x00001840       0x28 startup\startup_stm32f746xx.o

.debug_ranges   0x00000000     0x16b0
 .debug_ranges  0x00000000       0x80 Drivers\BSP\Components\ft5336\ft5336.o
 .debug_ranges  0x00000080      0x118 Drivers\BSP\STM32746G-Discovery\stm32746g_discovery.o
 .debug_ranges  0x00000198      0x1c8 Drivers\BSP\STM32746G-Discovery\stm32746g_discovery_lcd.o
 .debug_ranges  0x00000360       0x58 Drivers\BSP\STM32746G-Discovery\stm32746g_discovery_sdram.o
 .debug_ranges  0x000003b8       0x48 Drivers\BSP\STM32746G-Discovery\stm32746g_discovery_ts.o
 .debug_ranges  0x00000400       0xf0 Drivers\STM32F7xx_HAL_Driver\Src\stm32f7xx_hal.o
 .debug_ranges  0x000004f0      0x108 Drivers\STM32F7xx_HAL_Driver\Src\stm32f7xx_hal_cortex.o
 .debug_ranges  0x000005f8       0x50 Drivers\STM32F7xx_HAL_Driver\Src\stm32f7xx_hal_crc.o
 .debug_ranges  0x00000648       0x20 Drivers\STM32F7xx_HAL_Driver\Src\stm32f7xx_hal_crc_ex.o
 .debug_ranges  0x00000668       0x80 Drivers\STM32F7xx_HAL_Driver\Src\stm32f7xx_hal_dma.o
 .debug_ranges  0x000006e8       0xf8 Drivers\STM32F7xx_HAL_Driver\Src\stm32f7xx_hal_dma2d.o
 .debug_ranges  0x000007e0       0x48 Drivers\STM32F7xx_HAL_Driver\Src\stm32f7xx_hal_gpio.o
 .debug_ranges  0x00000828      0x250 Drivers\STM32F7xx_HAL_Driver\Src\stm32f7xx_hal_i2c.o
 .debug_ranges  0x00000a78      0x148 Drivers\STM32F7xx_HAL_Driver\Src\stm32f7xx_hal_ltdc.o
 .debug_ranges  0x00000bc0       0x70 Drivers\STM32F7xx_HAL_Driver\Src\stm32f7xx_hal_pwr_ex.o
 .debug_ranges  0x00000c30       0x78 Drivers\STM32F7xx_HAL_Driver\Src\stm32f7xx_hal_rcc.o
 .debug_ranges  0x00000ca8       0x40 Drivers\STM32F7xx_HAL_Driver\Src\stm32f7xx_hal_rcc_ex.o
 .debug_ranges  0x00000ce8       0xc0 Drivers\STM32F7xx_HAL_Driver\Src\stm32f7xx_hal_sdram.o
 .debug_ranges  0x00000da8      0x358 Drivers\STM32F7xx_HAL_Driver\Src\stm32f7xx_hal_tim.o
 .debug_ranges  0x00001100      0x160 Drivers\STM32F7xx_HAL_Driver\Src\stm32f7xx_hal_tim_ex.o
 .debug_ranges  0x00001260      0x180 Drivers\STM32F7xx_HAL_Driver\Src\stm32f7xx_hal_uart.o
 .debug_ranges  0x000013e0       0xb8 Drivers\STM32F7xx_HAL_Driver\Src\stm32f7xx_ll_fmc.o
 .debug_ranges  0x00001498       0xf0 Src\main.o
 .debug_ranges  0x00001588       0x88 Src\stm32f7xx_hal_msp.o
 .debug_ranges  0x00001610       0x20 Src\stm32f7xx_hal_timebase_TIM.o
 .debug_ranges  0x00001630       0x48 Src\stm32f7xx_it.o
 .debug_ranges  0x00001678       0x18 Src\system_stm32f7xx.o
 .debug_ranges  0x00001690       0x20 startup\startup_stm32f746xx.o

.debug_line     0x00000000     0xba62
 .debug_line    0x00000000      0x317 Drivers\BSP\Components\ft5336\ft5336.o
 .debug_line    0x00000317      0x601 Drivers\BSP\STM32746G-Discovery\stm32746g_discovery.o
 .debug_line    0x00000918      0xa19 Drivers\BSP\STM32746G-Discovery\stm32746g_discovery_lcd.o
 .debug_line    0x00001331      0x3f9 Drivers\BSP\STM32746G-Discovery\stm32746g_discovery_sdram.o
 .debug_line    0x0000172a      0x45c Drivers\BSP\STM32746G-Discovery\stm32746g_discovery_ts.o
 .debug_line    0x00001b86      0x4b6 Drivers\STM32F7xx_HAL_Driver\Src\stm32f7xx_hal.o
 .debug_line    0x0000203c      0x5b7 Drivers\STM32F7xx_HAL_Driver\Src\stm32f7xx_hal_cortex.o
 .debug_line    0x000025f3      0x3fa Drivers\STM32F7xx_HAL_Driver\Src\stm32f7xx_hal_crc.o
 .debug_line    0x000029ed      0x2f1 Drivers\STM32F7xx_HAL_Driver\Src\stm32f7xx_hal_crc_ex.o
 .debug_line    0x00002cde      0x577 Drivers\STM32F7xx_HAL_Driver\Src\stm32f7xx_hal_dma.o
 .debug_line    0x00003255      0x7c4 Drivers\STM32F7xx_HAL_Driver\Src\stm32f7xx_hal_dma2d.o
 .debug_line    0x00003a19      0x4ae Drivers\STM32F7xx_HAL_Driver\Src\stm32f7xx_hal_gpio.o
 .debug_line    0x00003ec7     0x135e Drivers\STM32F7xx_HAL_Driver\Src\stm32f7xx_hal_i2c.o
 .debug_line    0x00005225      0xb7c Drivers\STM32F7xx_HAL_Driver\Src\stm32f7xx_hal_ltdc.o
 .debug_line    0x00005da1      0x3ee Drivers\STM32F7xx_HAL_Driver\Src\stm32f7xx_hal_pwr_ex.o
 .debug_line    0x0000618f      0x55e Drivers\STM32F7xx_HAL_Driver\Src\stm32f7xx_hal_rcc.o
 .debug_line    0x000066ed      0x4b4 Drivers\STM32F7xx_HAL_Driver\Src\stm32f7xx_hal_rcc_ex.o
 .debug_line    0x00006ba1      0x61b Drivers\STM32F7xx_HAL_Driver\Src\stm32f7xx_hal_sdram.o
 .debug_line    0x000071bc     0x14d0 Drivers\STM32F7xx_HAL_Driver\Src\stm32f7xx_hal_tim.o
 .debug_line    0x0000868c      0x9ec Drivers\STM32F7xx_HAL_Driver\Src\stm32f7xx_hal_tim_ex.o
 .debug_line    0x00009078      0xbf5 Drivers\STM32F7xx_HAL_Driver\Src\stm32f7xx_hal_uart.o
 .debug_line    0x00009c6d      0x552 Drivers\STM32F7xx_HAL_Driver\Src\stm32f7xx_ll_fmc.o
 .debug_line    0x0000a1bf      0xa8e Src\main.o
 .debug_line    0x0000ac4d      0x507 Src\stm32f7xx_hal_msp.o
 .debug_line    0x0000b154      0x2f2 Src\stm32f7xx_hal_timebase_TIM.o
 .debug_line    0x0000b446      0x341 Src\stm32f7xx_it.o
 .debug_line    0x0000b787      0x25c Src\system_stm32f7xx.o
 .debug_line    0x0000b9e3       0x7f startup\startup_stm32f746xx.o

.debug_str      0x00000000     0x7bb8
 .debug_str     0x00000000      0x3fa Drivers\BSP\Components\ft5336\ft5336.o
                                0x494 (size before relaxing)
 .debug_str     0x000003fa     0x1623 Drivers\BSP\STM32746G-Discovery\stm32746g_discovery.o
                               0x18d8 (size before relaxing)
 .debug_str     0x00001a1d      0xe84 Drivers\BSP\STM32746G-Discovery\stm32746g_discovery_lcd.o
                               0x179c (size before relaxing)
 .debug_str     0x000028a1      0x3d1 Drivers\BSP\STM32746G-Discovery\stm32746g_discovery_sdram.o
                               0x13b2 (size before relaxing)
 .debug_str     0x00002c72      0x2f5 Drivers\BSP\STM32746G-Discovery\stm32746g_discovery_ts.o
                                0xfa5 (size before relaxing)
 .debug_str     0x00002f67      0x380 Drivers\STM32F7xx_HAL_Driver\Src\stm32f7xx_hal.o
                               0x1098 (size before relaxing)
 .debug_str     0x000032e7      0x4bd Drivers\STM32F7xx_HAL_Driver\Src\stm32f7xx_hal_cortex.o
                               0x11f3 (size before relaxing)
 .debug_str     0x000037a4      0x217 Drivers\STM32F7xx_HAL_Driver\Src\stm32f7xx_hal_crc.o
                                0x8d9 (size before relaxing)
 .debug_str     0x000039bb       0xbd Drivers\STM32F7xx_HAL_Driver\Src\stm32f7xx_hal_crc_ex.o
                                0x8af (size before relaxing)
 .debug_str     0x00003a78      0x309 Drivers\STM32F7xx_HAL_Driver\Src\stm32f7xx_hal_dma.o
                                0xbc0 (size before relaxing)
 .debug_str     0x00003d81      0x369 Drivers\STM32F7xx_HAL_Driver\Src\stm32f7xx_hal_dma2d.o
                                0xd41 (size before relaxing)
 .debug_str     0x000040ea      0x127 Drivers\STM32F7xx_HAL_Driver\Src\stm32f7xx_hal_gpio.o
                                0x963 (size before relaxing)
 .debug_str     0x00004211      0x79c Drivers\STM32F7xx_HAL_Driver\Src\stm32f7xx_hal_i2c.o
                               0x132e (size before relaxing)
 .debug_str     0x000049ad      0x454 Drivers\STM32F7xx_HAL_Driver\Src\stm32f7xx_hal_ltdc.o
                                0xe0a (size before relaxing)
 .debug_str     0x00004e01      0x21a Drivers\STM32F7xx_HAL_Driver\Src\stm32f7xx_hal_pwr_ex.o
                                0xab2 (size before relaxing)
 .debug_str     0x0000501b      0x2d2 Drivers\STM32F7xx_HAL_Driver\Src\stm32f7xx_hal_rcc.o
                                0xb0a (size before relaxing)
 .debug_str     0x000052ed      0x161 Drivers\STM32F7xx_HAL_Driver\Src\stm32f7xx_hal_rcc_ex.o
                                0xb4f (size before relaxing)
 .debug_str     0x0000544e      0x27a Drivers\STM32F7xx_HAL_Driver\Src\stm32f7xx_hal_sdram.o
                                0xdb8 (size before relaxing)
 .debug_str     0x000056c8      0xed8 Drivers\STM32F7xx_HAL_Driver\Src\stm32f7xx_hal_tim.o
                               0x17ec (size before relaxing)
 .debug_str     0x000065a0      0x5ce Drivers\STM32F7xx_HAL_Driver\Src\stm32f7xx_hal_tim_ex.o
                               0x1225 (size before relaxing)
 .debug_str     0x00006b6e      0x52d Drivers\STM32F7xx_HAL_Driver\Src\stm32f7xx_hal_uart.o
                               0x11f7 (size before relaxing)
 .debug_str     0x0000709b      0x4ae Drivers\STM32F7xx_HAL_Driver\Src\stm32f7xx_ll_fmc.o
                                0xd08 (size before relaxing)
 .debug_str     0x00007549      0x4d3 Src\main.o
                               0x2ace (size before relaxing)
 .debug_str     0x00007a1c       0x7d Src\stm32f7xx_hal_msp.o
                               0x1c58 (size before relaxing)
 .debug_str     0x00007a99       0x61 Src\stm32f7xx_hal_timebase_TIM.o
                               0x123c (size before relaxing)
 .debug_str     0x00007afa       0x79 Src\stm32f7xx_it.o
                                0xf28 (size before relaxing)
 .debug_str     0x00007b73       0x45 Src\system_stm32f7xx.o
                                0x890 (size before relaxing)

.comment        0x00000000       0x7c
 .comment       0x00000000       0x7c Drivers\BSP\Components\ft5336\ft5336.o
                                 0x7d (size before relaxing)
 .comment       0x0000007c       0x7d Drivers\BSP\STM32746G-Discovery\stm32746g_discovery.o
 .comment       0x0000007c       0x7d Drivers\BSP\STM32746G-Discovery\stm32746g_discovery_lcd.o
 .comment       0x0000007c       0x7d Drivers\BSP\STM32746G-Discovery\stm32746g_discovery_sdram.o
 .comment       0x0000007c       0x7d Drivers\BSP\STM32746G-Discovery\stm32746g_discovery_ts.o
 .comment       0x0000007c       0x7d Drivers\STM32F7xx_HAL_Driver\Src\stm32f7xx_hal.o
 .comment       0x0000007c       0x7d Drivers\STM32F7xx_HAL_Driver\Src\stm32f7xx_hal_cortex.o
 .comment       0x0000007c       0x7d Drivers\STM32F7xx_HAL_Driver\Src\stm32f7xx_hal_crc.o
 .comment       0x0000007c       0x7d Drivers\STM32F7xx_HAL_Driver\Src\stm32f7xx_hal_crc_ex.o
 .comment       0x0000007c       0x7d Drivers\STM32F7xx_HAL_Driver\Src\stm32f7xx_hal_dma.o
 .comment       0x0000007c       0x7d Drivers\STM32F7xx_HAL_Driver\Src\stm32f7xx_hal_dma2d.o
 .comment       0x0000007c       0x7d Drivers\STM32F7xx_HAL_Driver\Src\stm32f7xx_hal_gpio.o
 .comment       0x0000007c       0x7d Drivers\STM32F7xx_HAL_Driver\Src\stm32f7xx_hal_i2c.o
 .comment       0x0000007c       0x7d Drivers\STM32F7xx_HAL_Driver\Src\stm32f7xx_hal_ltdc.o
 .comment       0x0000007c       0x7d Drivers\STM32F7xx_HAL_Driver\Src\stm32f7xx_hal_pwr_ex.o
 .comment       0x0000007c       0x7d Drivers\STM32F7xx_HAL_Driver\Src\stm32f7xx_hal_rcc.o
 .comment       0x0000007c       0x7d Drivers\STM32F7xx_HAL_Driver\Src\stm32f7xx_hal_rcc_ex.o
 .comment       0x0000007c       0x7d Drivers\STM32F7xx_HAL_Driver\Src\stm32f7xx_hal_sdram.o
 .comment       0x0000007c       0x7d Drivers\STM32F7xx_HAL_Driver\Src\stm32f7xx_hal_tim.o
 .comment       0x0000007c       0x7d Drivers\STM32F7xx_HAL_Driver\Src\stm32f7xx_hal_tim_ex.o
 .comment       0x0000007c       0x7d Drivers\STM32F7xx_HAL_Driver\Src\stm32f7xx_hal_uart.o
 .comment       0x0000007c       0x7d Drivers\STM32F7xx_HAL_Driver\Src\stm32f7xx_ll_fmc.o
 .comment       0x0000007c       0x7d Src\main.o
 .comment       0x0000007c       0x7d Src\stm32f7xx_hal_msp.o
 .comment       0x0000007c       0x7d Src\stm32f7xx_hal_timebase_TIM.o
 .comment       0x0000007c       0x7d Src\stm32f7xx_it.o
 .comment       0x0000007c       0x7d Src\system_stm32f7xx.o

.debug_frame    0x00000000     0x67dc
 .debug_frame   0x00000000      0x230 Drivers\BSP\Components\ft5336\ft5336.o
 .debug_frame   0x00000230      0x4b0 Drivers\BSP\STM32746G-Discovery\stm32746g_discovery.o
 .debug_frame   0x000006e0      0x840 Drivers\BSP\STM32746G-Discovery\stm32746g_discovery_lcd.o
 .debug_frame   0x00000f20      0x168 Drivers\BSP\STM32746G-Discovery\stm32746g_discovery_sdram.o
 .debug_frame   0x00001088      0x124 Drivers\BSP\STM32746G-Discovery\stm32746g_discovery_ts.o
 .debug_frame   0x000011ac      0x3b4 Drivers\STM32F7xx_HAL_Driver\Src\stm32f7xx_hal.o
 .debug_frame   0x00001560      0x498 Drivers\STM32F7xx_HAL_Driver\Src\stm32f7xx_hal_cortex.o
 .debug_frame   0x000019f8      0x168 Drivers\STM32F7xx_HAL_Driver\Src\stm32f7xx_hal_crc.o
 .debug_frame   0x00001b60       0x88 Drivers\STM32F7xx_HAL_Driver\Src\stm32f7xx_hal_crc_ex.o
 .debug_frame   0x00001be8      0x250 Drivers\STM32F7xx_HAL_Driver\Src\stm32f7xx_hal_dma.o
 .debug_frame   0x00001e38      0x490 Drivers\STM32F7xx_HAL_Driver\Src\stm32f7xx_hal_dma2d.o
 .debug_frame   0x000022c8      0x14c Drivers\STM32F7xx_HAL_Driver\Src\stm32f7xx_hal_gpio.o
 .debug_frame   0x00002414      0xafc Drivers\STM32F7xx_HAL_Driver\Src\stm32f7xx_hal_i2c.o
 .debug_frame   0x00002f10      0x61c Drivers\STM32F7xx_HAL_Driver\Src\stm32f7xx_hal_ltdc.o
 .debug_frame   0x0000352c      0x1c8 Drivers\STM32F7xx_HAL_Driver\Src\stm32f7xx_hal_pwr_ex.o
 .debug_frame   0x000036f4      0x1fc Drivers\STM32F7xx_HAL_Driver\Src\stm32f7xx_hal_rcc.o
 .debug_frame   0x000038f0      0x118 Drivers\STM32F7xx_HAL_Driver\Src\stm32f7xx_hal_rcc_ex.o
 .debug_frame   0x00003a08      0x37c Drivers\STM32F7xx_HAL_Driver\Src\stm32f7xx_hal_sdram.o
 .debug_frame   0x00003d84      0xfb4 Drivers\STM32F7xx_HAL_Driver\Src\stm32f7xx_hal_tim.o
 .debug_frame   0x00004d38      0x65c Drivers\STM32F7xx_HAL_Driver\Src\stm32f7xx_hal_tim_ex.o
 .debug_frame   0x00005394      0x70c Drivers\STM32F7xx_HAL_Driver\Src\stm32f7xx_hal_uart.o
 .debug_frame   0x00005aa0      0x37c Drivers\STM32F7xx_HAL_Driver\Src\stm32f7xx_ll_fmc.o
 .debug_frame   0x00005e1c      0x3f4 Src\main.o
 .debug_frame   0x00006210      0x258 Src\stm32f7xx_hal_msp.o
 .debug_frame   0x00006468       0x74 Src\stm32f7xx_hal_timebase_TIM.o
 .debug_frame   0x000064dc       0xfc Src\stm32f7xx_it.o
 .debug_frame   0x000065d8       0x58 Src\system_stm32f7xx.o
 .debug_frame   0x00006630       0x2c d:/zainstalowane/atollic/truestudio for stm32 9.3.0/armtools/bin/../lib/gcc/arm-atollic-eabi/6.3.1/../../../../arm-atollic-eabi/lib/armv7e-m/fpu/fpv5-sp-d16\libc_nano.a(lib_a-init.o)
 .debug_frame   0x0000665c       0xac d:/zainstalowane/atollic/truestudio for stm32 9.3.0/armtools/bin/../lib/gcc/arm-atollic-eabi/6.3.1/armv7e-m/fpu/fpv5-sp-d16\libgcc.a(_arm_addsubdf3.o)
 .debug_frame   0x00006708       0x50 d:/zainstalowane/atollic/truestudio for stm32 9.3.0/armtools/bin/../lib/gcc/arm-atollic-eabi/6.3.1/armv7e-m/fpu/fpv5-sp-d16\libgcc.a(_arm_muldivdf3.o)
 .debug_frame   0x00006758       0x24 d:/zainstalowane/atollic/truestudio for stm32 9.3.0/armtools/bin/../lib/gcc/arm-atollic-eabi/6.3.1/armv7e-m/fpu/fpv5-sp-d16\libgcc.a(_arm_fixdfsi.o)
 .debug_frame   0x0000677c       0x2c d:/zainstalowane/atollic/truestudio for stm32 9.3.0/armtools/bin/../lib/gcc/arm-atollic-eabi/6.3.1/armv7e-m/fpu/fpv5-sp-d16\libgcc.a(_aeabi_uldivmod.o)
 .debug_frame   0x000067a8       0x34 d:/zainstalowane/atollic/truestudio for stm32 9.3.0/armtools/bin/../lib/gcc/arm-atollic-eabi/6.3.1/armv7e-m/fpu/fpv5-sp-d16\libgcc.a(_udivmoddi4.o)
