core_cm7.h:2073:22:SCB_EnableICache	4	static
core_cm7.h:2123:22:SCB_EnableDCache	24	static
main.c:71:6:led1	24	static
main.c:74:6:led2	24	static
main.c:78:6:set_sensor_input	8	static
main.c:86:6:set_sensor_output	8	static
main.c:96:6:delay_us	16	static
main.c:103:6:sensor_start	8	static
main.c:111:6:check_response	8	static
main.c:123:9:read_data	16	static
main.c:200:8:DisplayButton1	24	static
main.c:143:5:main	24	static
main.c:206:8:welcome	16	static
main.c:217:8:DrawHome	16	static
main.c:231:8:DrawBlinds	16	static
main.c:258:8:DrawLed	24	static
main.c:285:8:sensor	16	static
main.c:489:6:SystemClock_Config	216	static
main.c:552:13:MX_CRC_Init	8	static
main.c:569:13:MX_DMA2D_Init	8	static
main.c:593:13:MX_LTDC_Init	64	static
main.c:642:13:MX_TIM1_Init	112	static
main.c:714:13:MX_TIM2_Init	64	static
main.c:764:13:MX_TIM3_Init	40	static
main.c:797:13:MX_USART1_UART_Init	8	static
main.c:818:13:MX_FMC_Init	40	static
main.c:852:13:MX_GPIO_Init	72	static
main.c:911:6:HAL_TIM_PeriodElapsedCallback	16	static
main.c:918:6:_Error_Handler	16	static
