stm32f7xx_hal_msp.c:49:6:HAL_MspInit	16	static
stm32f7xx_hal_msp.c:81:6:HAL_CRC_MspInit	24	static
stm32f7xx_hal_msp.c:98:6:HAL_CRC_MspDeInit	16	static
stm32f7xx_hal_msp.c:115:6:HAL_DMA2D_MspInit	24	static
stm32f7xx_hal_msp.c:135:6:HAL_DMA2D_MspDeInit	16	static
stm32f7xx_hal_msp.c:155:6:HAL_LTDC_MspInit	40	static
stm32f7xx_hal_msp.c:248:6:HAL_LTDC_MspDeInit	16	static
stm32f7xx_hal_msp.c:313:6:HAL_TIM_Base_MspInit	32	static
stm32f7xx_hal_msp.c:352:6:HAL_TIM_MspPostInit	40	static
stm32f7xx_hal_msp.c:398:6:HAL_TIM_Base_MspDeInit	16	static
stm32f7xx_hal_msp.c:437:6:HAL_UART_MspInit	40	static
stm32f7xx_hal_msp.c:467:6:HAL_UART_MspDeInit	16	static
stm32f7xx_hal_msp.c:493:13:HAL_FMC_MspInit	32	static
stm32f7xx_hal_msp.c:598:6:HAL_SDRAM_MspInit	16	static
stm32f7xx_hal_msp.c:610:13:HAL_FMC_MspDeInit	8	static
stm32f7xx_hal_msp.c:684:6:HAL_SDRAM_MspDeInit	16	static
